Component: ARM Compiler 5.06 update 7 (build 960) Tool: armlink [4d3601]

==============================================================================

Section Cross References

    startup_stm32f407xx.o(RESET) refers to startup_stm32f407xx.o(STACK) for __initial_sp
    startup_stm32f407xx.o(RESET) refers to startup_stm32f407xx.o(.text) for Reset_Handler
    startup_stm32f407xx.o(RESET) refers to stm32f4xx_mc_it.o(i.HardFault_Handler) for HardFault_Handler
    startup_stm32f407xx.o(RESET) refers to stm32f4xx_mc_it.o(i.SysTick_Handler) for SysTick_Handler
    startup_stm32f407xx.o(RESET) refers to stm32f4xx_mc_it.o(i.EXTI0_IRQHandler) for EXTI0_IRQHandler
    startup_stm32f407xx.o(RESET) refers to stm32f4xx_it.o(i.EXTI1_IRQHandler) for EXTI1_IRQHandler
    startup_stm32f407xx.o(RESET) refers to stm32f4xx_mc_it.o(i.ADC_IRQHandler) for ADC_IRQHandler
    startup_stm32f407xx.o(RESET) refers to stm32f4xx_mc_it.o(i.TIM2_IRQHandler) for TIM2_IRQHandler
    startup_stm32f407xx.o(RESET) refers to stm32f4xx_it.o(i.TIM3_IRQHandler) for TIM3_IRQHandler
    startup_stm32f407xx.o(RESET) refers to stm32f4xx_mc_it.o(i.USART1_IRQHandler) for USART1_IRQHandler
    startup_stm32f407xx.o(RESET) refers to stm32f4xx_mc_it.o(i.TIM8_BRK_TIM12_IRQHandler) for TIM8_BRK_TIM12_IRQHandler
    startup_stm32f407xx.o(RESET) refers to stm32f4xx_mc_it.o(i.TIM8_UP_TIM13_IRQHandler) for TIM8_UP_TIM13_IRQHandler
    startup_stm32f407xx.o(RESET) refers to stm32f4xx_it.o(i.UART5_IRQHandler) for UART5_IRQHandler
    startup_stm32f407xx.o(.text) refers to system_stm32f4xx.o(i.SystemInit) for SystemInit
    startup_stm32f407xx.o(.text) refers to entry.o(.ARM.Collect$$$$00000000) for __main
    main.o(i.HAL_GPIO_EXTI_Callback) refers to main.o(.data) for .data
    main.o(i.HAL_TIM_PeriodElapsedCallback) refers to main.o(.bss) for .bss
    main.o(i.HAL_TIM_PeriodElapsedCallback) refers to main.o(.data) for .data
    main.o(i.SystemClock_Config) refers to stm32f4xx_hal_rcc.o(i.HAL_RCC_OscConfig) for HAL_RCC_OscConfig
    main.o(i.SystemClock_Config) refers to stm32f4xx_hal_rcc.o(i.HAL_RCC_ClockConfig) for HAL_RCC_ClockConfig
    main.o(i.SystemClock_Config) refers to stm32f4xx_hal_rcc.o(i.HAL_RCC_EnableCSS) for HAL_RCC_EnableCSS
    main.o(i.control) refers to stm32f4xx_hal_gpio.o(i.HAL_GPIO_ReadPin) for HAL_GPIO_ReadPin
    main.o(i.control) refers to main.o(i.function_sweep_identification) for function_sweep_identification
    main.o(i.control) refers to mc_api.o(i.MC_ProgramSpeedRampMotor1) for MC_ProgramSpeedRampMotor1
    main.o(i.control) refers to mc_api.o(i.MC_StartMotor1) for MC_StartMotor1
    main.o(i.control) refers to mc_api.o(i.MC_StopMotor1) for MC_StopMotor1
    main.o(i.control) refers to main.o(.data) for .data
    main.o(i.control) refers to main.o(.bss) for .bss
    main.o(i.controller) refers to f2d.o(.text) for __aeabi_f2d
    main.o(i.controller) refers to dmul.o(.text) for __aeabi_dmul
    main.o(i.controller) refers to dadd.o(.text) for __aeabi_dadd
    main.o(i.controller) refers to d2f.o(.text) for __aeabi_d2f
    main.o(i.controller) refers to main.o(.data) for .data
    main.o(i.function_sweep_identification) refers to stm32f4xx_hal.o(i.HAL_GetTick) for HAL_GetTick
    main.o(i.function_sweep_identification) refers to main.o(i.init_my_sweep) for init_my_sweep
    main.o(i.function_sweep_identification) refers to f2d.o(.text) for __aeabi_f2d
    main.o(i.function_sweep_identification) refers to printfa.o(i.__0printf) for __2printf
    main.o(i.function_sweep_identification) refers to pow.o(i.__hardfp_pow) for __hardfp_pow
    main.o(i.function_sweep_identification) refers to dadd.o(.text) for __aeabi_dsub
    main.o(i.function_sweep_identification) refers to dmul.o(.text) for __aeabi_dmul
    main.o(i.function_sweep_identification) refers to sin.o(i.__hardfp_sin) for __hardfp_sin
    main.o(i.function_sweep_identification) refers to d2f.o(.text) for __aeabi_d2f
    main.o(i.function_sweep_identification) refers to mc_api.o(i.MC_ProgramTorqueRampMotor1) for MC_ProgramTorqueRampMotor1
    main.o(i.function_sweep_identification) refers to mc_api.o(i.MC_GetMecSpeedAverageMotor1) for MC_GetMecSpeedAverageMotor1
    main.o(i.function_sweep_identification) refers to main.o(i.send_data_2_matlab) for send_data_2_matlab
    main.o(i.function_sweep_identification) refers to main.o(.data) for .data
    main.o(i.function_sweep_identification) refers to main.o(.bss) for .bss
    main.o(i.init_my_sweep) refers to dfltui.o(.text) for __aeabi_ui2d
    main.o(i.init_my_sweep) refers to f2d.o(.text) for __aeabi_f2d
    main.o(i.init_my_sweep) refers to log.o(i.__hardfp_log) for __hardfp_log
    main.o(i.init_my_sweep) refers to ddiv.o(.text) for __aeabi_ddiv
    main.o(i.init_my_sweep) refers to exp.o(i.__hardfp_exp) for __hardfp_exp
    main.o(i.init_my_sweep) refers to d2f.o(.text) for __aeabi_d2f
    main.o(i.init_my_sweep) refers to dmul.o(.text) for __aeabi_dmul
    main.o(i.main) refers to stm32f4xx_hal.o(i.HAL_Init) for HAL_Init
[...]
    HAL_DAC_Init                             0x0800196b   Thumb Code    40  stm32f4xx_hal_dac.o(i.HAL_DAC_Init)
    HAL_DAC_MspInit                          0x08001995   Thumb Code    88  stm32f4xx_hal_msp.o(i.HAL_DAC_MspInit)
    HAL_DMA_Abort                            0x080019f9   Thumb Code   166  stm32f4xx_hal_dma.o(i.HAL_DMA_Abort)
    HAL_DMA_Abort_IT                         0x08001a9f   Thumb Code    36  stm32f4xx_hal_dma.o(i.HAL_DMA_Abort_IT)
    HAL_Delay                                0x08001ac5   Thumb Code    34  stm32f4xx_hal.o(i.HAL_Delay)
    HAL_GPIO_EXTI_Callback                   0x08001aed   Thumb Code    14  main.o(i.HAL_GPIO_EXTI_Callback)
    HAL_GPIO_EXTI_IRQHandler                 0x08001b01   Thumb Code    20  stm32f4xx_hal_gpio.o(i.HAL_GPIO_EXTI_IRQHandler)
    HAL_GPIO_Init                            0x08001b19   Thumb Code   494  stm32f4xx_hal_gpio.o(i.HAL_GPIO_Init)
    HAL_GPIO_ReadPin                         0x08001d19   Thumb Code    10  stm32f4xx_hal_gpio.o(i.HAL_GPIO_ReadPin)
    HAL_GetTick                              0x08001d25   Thumb Code     6  stm32f4xx_hal.o(i.HAL_GetTick)
    HAL_IncTick                              0x08001d31   Thumb Code    12  stm32f4xx_hal.o(i.HAL_IncTick)
    HAL_Init                                 0x08001d41   Thumb Code    48  stm32f4xx_hal.o(i.HAL_Init)
    HAL_InitTick                             0x08001d75   Thumb Code    54  stm32f4xx_hal.o(i.HAL_InitTick)
    HAL_MspInit                              0x08001db5   Thumb Code    46  stm32f4xx_hal_msp.o(i.HAL_MspInit)
    HAL_NVIC_EnableIRQ                       0x08001ded   Thumb Code    30  stm32f4xx_hal_cortex.o(i.HAL_NVIC_EnableIRQ)
    HAL_NVIC_SetPriority                     0x08001e0d   Thumb Code    96  stm32f4xx_hal_cortex.o(i.HAL_NVIC_SetPriority)
    HAL_NVIC_SetPriorityGrouping             0x08001e71   Thumb Code    30  stm32f4xx_hal_cortex.o(i.HAL_NVIC_SetPriorityGrouping)
    HAL_RCC_ClockConfig                      0x08001e95   Thumb Code   324  stm32f4xx_hal_rcc.o(i.HAL_RCC_ClockConfig)
    HAL_RCC_EnableCSS                        0x08001ff1   Thumb Code     8  stm32f4xx_hal_rcc.o(i.HAL_RCC_EnableCSS)
    HAL_RCC_GetHCLKFreq                      0x08001ffd   Thumb Code     6  stm32f4xx_hal_rcc.o(i.HAL_RCC_GetHCLKFreq)
    HAL_RCC_GetPCLK1Freq                     0x08002009   Thumb Code    20  stm32f4xx_hal_rcc.o(i.HAL_RCC_GetPCLK1Freq)
    HAL_RCC_GetPCLK2Freq                     0x08002029   Thumb Code    20  stm32f4xx_hal_rcc.o(i.HAL_RCC_GetPCLK2Freq)
    HAL_RCC_GetSysClockFreq                  0x08002049   Thumb Code    98  stm32f4xx_hal_rcc.o(i.HAL_RCC_GetSysClockFreq)
    HAL_RCC_OscConfig                        0x080020bd   Thumb Code   990  stm32f4xx_hal_rcc.o(i.HAL_RCC_OscConfig)
    HAL_SYSTICK_Callback                     0x080024c1   Thumb Code     2  stm32f4xx_hal_cortex.o(i.HAL_SYSTICK_Callback)
    HAL_SYSTICK_Config                       0x080024c5   Thumb Code    38  stm32f4xx_hal_cortex.o(i.HAL_SYSTICK_Config)
    HAL_SYSTICK_IRQHandler                   0x080024f1   Thumb Code     8  stm32f4xx_hal_cortex.o(i.HAL_SYSTICK_IRQHandler)
    HAL_TIMEx_BreakCallback                  0x080024f9   Thumb Code     2  stm32f4xx_hal_tim_ex.o(i.HAL_TIMEx_BreakCallback)
    HAL_TIMEx_CommutCallback                 0x080024fb   Thumb Code     2  stm32f4xx_hal_tim_ex.o(i.HAL_TIMEx_CommutCallback)
    HAL_TIMEx_ConfigBreakDeadTime            0x080024fd   Thumb Code    82  stm32f4xx_hal_tim_ex.o(i.HAL_TIMEx_ConfigBreakDeadTime)
    HAL_TIMEx_MasterConfigSynchronization    0x0800254f   Thumb Code   150  stm32f4xx_hal_tim_ex.o(i.HAL_TIMEx_MasterConfigSynchronization)
    HAL_TIM_Base_Init                        0x080025e5   Thumb Code    90  stm32f4xx_hal_tim.o(i.HAL_TIM_Base_Init)
    HAL_TIM_Base_MspInit                     0x08002641   Thumb Code    40  stm32f4xx_hal_msp.o(i.HAL_TIM_Base_MspInit)
    HAL_TIM_Base_Start_IT                    0x0800266d   Thumb Code   128  stm32f4xx_hal_tim.o(i.HAL_TIM_Base_Start_IT)
    HAL_TIM_Encoder_Init                     0x080026ed   Thumb Code   196  stm32f4xx_hal_tim.o(i.HAL_TIM_Encoder_Init)
    HAL_TIM_Encoder_MspInit                  0x080027b1   Thumb Code   202  stm32f4xx_hal_msp.o(i.HAL_TIM_Encoder_MspInit)
    HAL_TIM_Encoder_Start                    0x08002891   Thumb Code   196  stm32f4xx_hal_tim.o(i.HAL_TIM_Encoder_Start)
    HAL_TIM_IC_CaptureCallback               0x08002955   Thumb Code     2  stm32f4xx_hal_tim.o(i.HAL_TIM_IC_CaptureCallback)
    HAL_TIM_IRQHandler                       0x08002957   Thumb Code   364  stm32f4xx_hal_tim.o(i.HAL_TIM_IRQHandler)
    HAL_TIM_MspPostInit                      0x08002ac5   Thumb Code   116  stm32f4xx_hal_msp.o(i.HAL_TIM_MspPostInit)
    HAL_TIM_OC_DelayElapsedCallback          0x08002b45   Thumb Code     2  stm32f4xx_hal_tim.o(i.HAL_TIM_OC_DelayElapsedCallback)
    HAL_TIM_PWM_ConfigChannel                0x08002b49   Thumb Code   580  stm32f4xx_hal_tim.o(i.HAL_TIM_PWM_ConfigChannel)
    HAL_TIM_PWM_Init                         0x08002d95   Thumb Code    90  stm32f4xx_hal_tim.o(i.HAL_TIM_PWM_Init)
    HAL_TIM_PWM_MspInit                      0x08002def   Thumb Code     2  stm32f4xx_hal_tim.o(i.HAL_TIM_PWM_MspInit)
    HAL_TIM_PWM_PulseFinishedCallback        0x08002df1   Thumb Code     2  stm32f4xx_hal_tim.o(i.HAL_TIM_PWM_PulseFinishedCallback)
    HAL_TIM_PeriodElapsedCallback            0x08002df5   Thumb Code    38  main.o(i.HAL_TIM_PeriodElapsedCallback)
    HAL_TIM_SlaveConfigSynchro               0x08002e25   Thumb Code    86  stm32f4xx_hal_tim.o(i.HAL_TIM_SlaveConfigSynchro)
    HAL_TIM_TriggerCallback                  0x08002e7b   Thumb Code     2  stm32f4xx_hal_tim.o(i.HAL_TIM_TriggerCallback)
    HAL_UARTEx_RxEventCallback               0x08002e7d   Thumb Code     2  stm32f4xx_hal_uart.o(i.HAL_UARTEx_RxEventCallback)
    HAL_UART_ErrorCallback                   0x08002e7f   Thumb Code     2  stm32f4xx_hal_uart.o(i.HAL_UART_ErrorCallback)
    HAL_UART_IRQHandler                      0x08002e81   Thumb Code   766  stm32f4xx_hal_uart.o(i.HAL_UART_IRQHandler)
    HAL_UART_Init                            0x08003185   Thumb Code    98  stm32f4xx_hal_uart.o(i.HAL_UART_Init)
    HAL_UART_MspInit                         0x080031e9   Thumb Code   216  stm32f4xx_hal_msp.o(i.HAL_UART_MspInit)
    HAL_UART_RxCpltCallback                  0x080032d9   Thumb Code     2  stm32f4xx_hal_uart.o(i.HAL_UART_RxCpltCallback)
    HAL_UART_Transmit                        0x080032dd   Thumb Code   356  stm32f4xx_hal_uart.o(i.HAL_UART_Transmit)
    HAL_UART_TxCpltCallback                  0x08003441   Thumb Code     2  stm32f4xx_hal_uart.o(i.HAL_UART_TxCpltCallback)
    HardFault_Handler                        0x08003445   Thumb Code   104  stm32f4xx_mc_it.o(i.HardFault_Handler)
    MCI_Clear_Iqdref                         0x08003511   Thumb Code    16  mc_interface.o(i.MCI_Clear_Iqdref)
    MCI_EncoderAlign                         0x08003521   Thumb Code     8  mc_interface.o(i.MCI_EncoderAlign)
    MCI_ExecBufferedCommands                 0x08003529   Thumb Code   120  mc_interface.o(i.MCI_ExecBufferedCommands)
    MCI_ExecSpeedRamp                        0x080035a1   Thumb Code    14  mc_interface.o(i.MCI_ExecSpeedRamp)
    MCI_ExecTorqueRamp                       0x080035af   Thumb Code    18  mc_interface.o(i.MCI_ExecTorqueRamp)
    MCI_FaultAcknowledged                    0x080035c1   Thumb Code     6  mc_interface.o(i.MCI_FaultAcknowledged)
    MCI_GetAvrgMecSpeedUnit                  0x080035c7   Thumb Code    16  mc_interface.o(i.MCI_GetAvrgMecSpeedUnit)
    MCI_GetControlMode                       0x080035d7   Thumb Code     4  mc_interface.o(i.MCI_GetControlMode)
    MCI_GetIab                               0x080035db   Thumb Code     6  mc_interface.o(i.MCI_GetIab)
    MCI_GetIalphabeta                        0x080035e1   Thumb Code     6  mc_interface.o(i.MCI_GetIalphabeta)
    MCI_GetIqd                               0x080035e7   Thumb Code     6  mc_interface.o(i.MCI_GetIqd)
    MCI_GetIqdref                            0x080035ed   Thumb Code     6  mc_interface.o(i.MCI_GetIqdref)
    MCI_GetLastRampFinalSpeed                0x080035f3   Thumb Code    16  mc_interface.o(i.MCI_GetLastRampFinalSpeed)
    MCI_GetMecSpeedRefUnit                   0x08003603   Thumb Code     6  mc_interface.o(i.MCI_GetMecSpeedRefUnit)
    MCI_GetSTMState                          0x08003609   Thumb Code     6  mc_interface.o(i.MCI_GetSTMState)
    MCI_GetTeref                             0x0800360f   Thumb Code     8  mc_interface.o(i.MCI_GetTeref)
    MCI_GetValphabeta                        0x08003617   Thumb Code     8  mc_interface.o(i.MCI_GetValphabeta)
    MCI_GetVqd                               0x0800361f   Thumb Code     8  mc_interface.o(i.MCI_GetVqd)
    MCI_Init                                 0x08003627   Thumb Code    20  mc_interface.o(i.MCI_Init)
    MCI_SetCurrentReferences                 0x0800363b   Thumb Code    20  mc_interface.o(i.MCI_SetCurrentReferences)
    MCI_SetIdref                             0x0800364f   Thumb Code    10  mc_interface.o(i.MCI_SetIdref)
    MCI_StartMotor                           0x08003659   Thumb Code    22  mc_interface.o(i.MCI_StartMotor)
    MCI_StopMotor                            0x0800366f   Thumb Code     8  mc_interface.o(i.MCI_StopMotor)
    MCI_StopRamp                             0x08003677   Thumb Code     6  mc_interface.o(i.MCI_StopRamp)
    MCM_Clarke                               0x0800367d   Thumb Code    72  mc_math.o(i.MCM_Clarke)
    MCM_Park                                 0x080036c9   Thumb Code   122  mc_math.o(i.MCM_Park)
    MCM_Rev_Park                             0x0800374d   Thumb Code    54  mc_math.o(i.MCM_Rev_Park)
    MCM_Trig_Functions                       0x08003785   Thumb Code   112  mc_math.o(i.MCM_Trig_Functions)
    MCP_Init                                 0x080037f9   Thumb Code    54  motor_control_protocol.o(i.MCP_Init)
    MCP_OnTimeOut                            0x0800383d   Thumb Code     8  motor_control_protocol.o(i.MCP_OnTimeOut)
    MCP_ReceivedFrame                        0x08003845   Thumb Code  1792  motor_control_protocol.o(i.MCP_ReceivedFrame)
    MCP_SentFrame                            0x08003f51   Thumb Code     8  motor_control_protocol.o(i.MCP_SentFrame)
    MCP_WaitNextFrame                        0x08003f59   Thumb Code    26  motor_control_protocol.o(i.MCP_WaitNextFrame)
    MC_AlignEncoderMotor1                    0x08003f75   Thumb Code     8  mc_api.o(i.MC_AlignEncoderMotor1)
    MC_GetMecSpeedAverageMotor1              0x08003f81   Thumb Code     8  mc_api.o(i.MC_GetMecSpeedAverageMotor1)
    MC_GetSTMStateMotor1                     0x08003f8d   Thumb Code     8  mc_api.o(i.MC_GetSTMStateMotor1)
    MC_ProgramSpeedRampMotor1                0x08003f99   Thumb Code    14  mc_api.o(i.MC_ProgramSpeedRampMotor1)
    MC_ProgramTorqueRampMotor1               0x08003fad   Thumb Code    14  mc_api.o(i.MC_ProgramTorqueRampMotor1)
    MC_RunMotorControlTasks                  0x08003fc1   Thumb Code    28  mc_tasks.o(i.MC_RunMotorControlTasks)
    MC_Scheduler                             0x08003fe1   Thumb Code    58  mc_tasks.o(i.MC_Scheduler)
    MC_StartMotor1                           0x08004021   Thumb Code     8  mc_api.o(i.MC_StartMotor1)
    MC_StopMotor1                            0x0800402d   Thumb Code     8  mc_api.o(i.MC_StopMotor1)
    MCboot                                   0x08004039   Thumb Code   362  mc_tasks.o(i.MCboot)
    MPM_CalcElMotorPower                     0x080041e9   Thumb Code    70  motor_power_measurement.o(i.MPM_CalcElMotorPower)
    MPM_Clear                                0x0800422f   Thumb Code    26  motor_power_measurement.o(i.MPM_Clear)
    MPM_GetAvrgElMotorPowerW                 0x08004249   Thumb Code     6  motor_power_measurement.o(i.MPM_GetAvrgElMotorPowerW)
    MX_MotorControl_Init                     0x08004251   Thumb Code    48  motorcontrol.o(i.MX_MotorControl_Init)
    NTC_CalcAvTemp                           0x08004289   Thumb Code    58  ntc_temperature_sensor.o(i.NTC_CalcAvTemp)
    NTC_Clear                                0x080042c3   Thumb Code     6  ntc_temperature_sensor.o(i.NTC_Clear)
    NTC_GetAvTemp_C                          0x080042c9   Thumb Code    40  ntc_temperature_sensor.o(i.NTC_GetAvTemp_C)
    NTC_Init                                 0x080042f1   Thumb Code    36  ntc_temperature_sensor.o(i.NTC_Init)
    NTC_SetFaultState                        0x08004315   Thumb Code    24  ntc_temperature_sensor.o(i.NTC_SetFaultState)
    PID_GetKD                                0x0800432d   Thumb Code     6  pid_regulator.o(i.PID_GetKD)
    PID_GetKI                                0x08004333   Thumb Code     6  pid_regulator.o(i.PID_GetKI)
    PID_GetKIDivisor                         0x08004339   Thumb Code     4  pid_regulator.o(i.PID_GetKIDivisor)
    PID_GetKP                                0x0800433d   Thumb Code     6  pid_regulator.o(i.PID_GetKP)
    PID_GetKPDivisor                         0x08004343   Thumb Code     4  pid_regulator.o(i.PID_GetKPDivisor)
    PID_HandleInit                           0x08004347   Thumb Code    20  pid_regulator.o(i.PID_HandleInit)
    PID_SetIntegralTerm                      0x0800435b   Thumb Code     4  pid_regulator.o(i.PID_SetIntegralTerm)
    PID_SetKD                                0x0800435f   Thumb Code     4  pid_regulator.o(i.PID_SetKD)
    PID_SetKI                                0x08004363   Thumb Code     4  pid_regulator.o(i.PID_SetKI)
    PID_SetKP                                0x08004367   Thumb Code     4  pid_regulator.o(i.PID_SetKP)
    PI_Controller                            0x0800436d   Thumb Code   122  pid_regulator.o(i.PI_Controller)
    PQD_CalcElMotorPower                     0x080043ed   Thumb Code    90  pqd_motor_power_measurement.o(i.PQD_CalcElMotorPower)
    PWMC_CheckOverCurrent                    0x0800444d   Thumb Code     4  pwm_curr_fdbk.o(i.PWMC_CheckOverCurrent)
    PWMC_CurrentReadingCalibr                0x08004451   Thumb Code    66  pwm_curr_fdbk.o(i.PWMC_CurrentReadingCalibr)
    PWMC_GetPhaseCurrents                    0x08004493   Thumb Code     4  pwm_curr_fdbk.o(i.PWMC_GetPhaseCurrents)
    PWMC_SetPhaseVoltage                     0x08004497   Thumb Code   496  pwm_curr_fdbk.o(i.PWMC_SetPhaseVoltage)
    PWMC_SwitchOffPWM                        0x08004687   Thumb Code     4  pwm_curr_fdbk.o(i.PWMC_SwitchOffPWM)
    PWMC_SwitchOnPWM                         0x0800468b   Thumb Code     4  pwm_curr_fdbk.o(i.PWMC_SwitchOnPWM)
    PWMC_TurnOnLowSides                      0x0800468f   Thumb Code     4  pwm_curr_fdbk.o(i.PWMC_TurnOnLowSides)
    R3_2_BRK_IRQHandler                      0x08004693   Thumb Code    48  r3_2_f4xx_pwm_curr_fdbk.o(i.R3_2_BRK_IRQHandler)
    R3_2_CurrentReadingCalibration           0x080046c5   Thumb Code   292  r3_2_f4xx_pwm_curr_fdbk.o(i.R3_2_CurrentReadingCalibration)
    R3_2_GetPhaseCurrents                    0x08004801   Thumb Code   296  r3_2_f4xx_pwm_curr_fdbk.o(i.R3_2_GetPhaseCurrents)
    R3_2_HFCurrentsCalibrationAB             0x0800492d   Thumb Code    86  r3_2_f4xx_pwm_curr_fdbk.o(i.R3_2_HFCurrentsCalibrationAB)
    R3_2_HFCurrentsCalibrationC              0x08004983   Thumb Code    62  r3_2_f4xx_pwm_curr_fdbk.o(i.R3_2_HFCurrentsCalibrationC)
    R3_2_Init                                0x080049c1   Thumb Code   274  r3_2_f4xx_pwm_curr_fdbk.o(i.R3_2_Init)
    R3_2_IsOverCurrentOccurred               0x08004ad9   Thumb Code    22  r3_2_f4xx_pwm_curr_fdbk.o(i.R3_2_IsOverCurrentOccurred)
    R3_2_RLDetectionModeDisable              0x08004af1   Thumb Code   218  r3_2_f4xx_pwm_curr_fdbk.o(i.R3_2_RLDetectionModeDisable)
    R3_2_RLDetectionModeEnable               0x08004bdd   Thumb Code   166  r3_2_f4xx_pwm_curr_fdbk.o(i.R3_2_RLDetectionModeEnable)
    R3_2_RLDetectionModeSetDuty              0x08004c95   Thumb Code    52  r3_2_f4xx_pwm_curr_fdbk.o(i.R3_2_RLDetectionModeSetDuty)
    R3_2_SetADCSampPointCalibration          0x08004e07   Thumb Code    68  r3_2_f4xx_pwm_curr_fdbk.o(i.R3_2_SetADCSampPointCalibration)
    R3_2_SetADCSampPointSectX                0x08004e4b   Thumb Code   134  r3_2_f4xx_pwm_curr_fdbk.o(i.R3_2_SetADCSampPointSectX)
    R3_2_SwitchOffPWM                        0x08004ed1   Thumb Code    82  r3_2_f4xx_pwm_curr_fdbk.o(i.R3_2_SwitchOffPWM)
    R3_2_SwitchOnPWM                         0x08004f23   Thumb Code   188  r3_2_f4xx_pwm_curr_fdbk.o(i.R3_2_SwitchOnPWM)
    R3_2_TIMx_UP_IRQHandler                  0x08004fdf   Thumb Code   242  r3_2_f4xx_pwm_curr_fdbk.o(i.R3_2_TIMx_UP_IRQHandler)
    R3_2_TurnOnLowSides                      0x080050d1   Thumb Code    76  r3_2_f4xx_pwm_curr_fdbk.o(i.R3_2_TurnOnLowSides)
    RCM_ExecRegularConv                      0x0800511d   Thumb Code   120  regular_conversion_manager.o(i.RCM_ExecRegularConv)
    RCM_ExecUserConv                         0x0800519d   Thumb Code    60  regular_conversion_manager.o(i.RCM_ExecUserConv)
    RCM_RegisterRegConv                      0x080051e1   Thumb Code   246  regular_conversion_manager.o(i.RCM_RegisterRegConv)
    REMNG_Init                               0x080052e5   Thumb Code    16  ramp_ext_mngr.o(i.REMNG_Init)
    RVBS_CalcAvVbus                          0x080052f5   Thumb Code   100  r_divider_bus_voltage_sensor.o(i.RVBS_CalcAvVbus)
    RVBS_CheckFaultState                     0x08005359   Thumb Code    24  r_divider_bus_voltage_sensor.o(i.RVBS_CheckFaultState)
    RVBS_Clear                               0x08005371   Thumb Code    44  r_divider_bus_voltage_sensor.o(i.RVBS_Clear)
    RVBS_Init                                0x0800539d   Thumb Code    22  r_divider_bus_voltage_sensor.o(i.RVBS_Init)
    SPD_GetAvrgMecSpeedUnit                  0x080053b3   Thumb Code     6  speed_pos_fdbk.o(i.SPD_GetAvrgMecSpeedUnit)
    SPD_GetElAngle                           0x080053b9   Thumb Code     6  speed_pos_fdbk.o(i.SPD_GetElAngle)
    SPD_GetInstElSpeedDpp                    0x080053bf   Thumb Code     6  speed_pos_fdbk.o(i.SPD_GetInstElSpeedDpp)
    SPD_GetS16Speed                          0x080053c5   Thumb Code    20  speed_pos_fdbk.o(i.SPD_GetS16Speed)
    SPD_IsMecSpeedReliable                   0x080053d9   Thumb Code    96  speed_pos_fdbk.o(i.SPD_IsMecSpeedReliable)
    STC_CalcTorqueReference                  0x08005439   Thumb Code    92  speed_torq_ctrl.o(i.STC_CalcTorqueReference)
    STC_Clear                                0x08005495   Thumb Code    16  speed_torq_ctrl.o(i.STC_Clear)
    STC_ExecRamp                             0x080054a5   Thumb Code   146  speed_torq_ctrl.o(i.STC_ExecRamp)
    STC_ForceSpeedReferenceToCurrentSpeed    0x08005537   Thumb Code    16  speed_torq_ctrl.o(i.STC_ForceSpeedReferenceToCurrentSpeed)
    STC_GetDefaultIqdref                     0x08005547   Thumb Code    16  speed_torq_ctrl.o(i.STC_GetDefaultIqdref)
    STC_GetMaxAppPositiveMecSpeedUnit        0x08005557   Thumb Code     4  speed_torq_ctrl.o(i.STC_GetMaxAppPositiveMecSpeedUnit)
    STC_GetMecSpeedRefUnit                   0x0800555b   Thumb Code    12  speed_torq_ctrl.o(i.STC_GetMecSpeedRefUnit)
    STC_GetMecSpeedRefUnitDefault            0x08005567   Thumb Code     6  speed_torq_ctrl.o(i.STC_GetMecSpeedRefUnitDefault)
    STC_GetMinAppNegativeMecSpeedUnit        0x0800556d   Thumb Code     6  speed_torq_ctrl.o(i.STC_GetMinAppNegativeMecSpeedUnit)
    STC_GetSpeedSensor                       0x08005573   Thumb Code     4  speed_torq_ctrl.o(i.STC_GetSpeedSensor)
    STC_GetTorqueRef                         0x08005577   Thumb Code    12  speed_torq_ctrl.o(i.STC_GetTorqueRef)
    STC_Init                                 0x08005583   Thumb Code    32  speed_torq_ctrl.o(i.STC_Init)
    STC_SetControlMode                       0x080055a3   Thumb Code     8  speed_torq_ctrl.o(i.STC_SetControlMode)
    STC_SetSpeedSensor                       0x080055ab   Thumb Code     4  speed_torq_ctrl.o(i.STC_SetSpeedSensor)
    STC_StopRamp                             0x080055af   Thumb Code     8  speed_torq_ctrl.o(i.STC_StopRamp)
    STM_FaultAcknowledged                    0x080055b7   Thumb Code    22  state_machine.o(i.STM_FaultAcknowledged)
    STM_FaultProcessing                      0x080055cd   Thumb Code    54  state_machine.o(i.STM_FaultProcessing)
    STM_GetFaultState                        0x08005603   Thumb Code    10  state_machine.o(i.STM_GetFaultState)
    STM_GetState                             0x0800560d   Thumb Code     4  state_machine.o(i.STM_GetState)
    STM_Init                                 0x08005611   Thumb Code    10  state_machine.o(i.STM_Init)
    STM_NextState                            0x0800561b   Thumb Code   254  state_machine.o(i.STM_NextState)
    SysTick_Handler                          0x08005719   Thumb Code    36  stm32f4xx_mc_it.o(i.SysTick_Handler)
    SystemClock_Config                       0x08005741   Thumb Code   142  main.o(i.SystemClock_Config)
    SystemInit                               0x080057d9   Thumb Code    12  system_stm32f4xx.o(i.SystemInit)
    TIM2_IRQHandler                          0x080057e9   Thumb Code    32  stm32f4xx_mc_it.o(i.TIM2_IRQHandler)
    TIM3_IRQHandler                          0x0800580d   Thumb Code     6  stm32f4xx_it.o(i.TIM3_IRQHandler)
    TIM8_BRK_TIM12_IRQHandler                0x08005819   Thumb Code    36  stm32f4xx_mc_it.o(i.TIM8_BRK_TIM12_IRQHandler)
    TIM8_UP_TIM13_IRQHandler                 0x08005841   Thumb Code    18  stm32f4xx_mc_it.o(i.TIM8_UP_TIM13_IRQHandler)
    TIM_Base_SetConfig                       0x08005859   Thumb Code   184  stm32f4xx_hal_tim.o(i.TIM_Base_SetConfig)
    TSK_ChargeBootCapDelayHasElapsedM1       0x08005a0d   Thumb Code    14  mc_tasks.o(i.TSK_ChargeBootCapDelayHasElapsedM1)
    TSK_HardwareFaultTask                    0x08005a21   Thumb Code    24  mc_tasks.o(i.TSK_HardwareFaultTask)
    TSK_HighFrequencyTask                    0x08005a41   Thumb Code   186  mc_tasks.o(i.TSK_HighFrequencyTask)
    TSK_MediumFrequencyTaskM1                0x08005b0d   Thumb Code   560  mc_tasks.o(i.TSK_MediumFrequencyTaskM1)
    TSK_SafetyTask                           0x08005d61   Thumb Code    26  mc_tasks.o(i.TSK_SafetyTask)
    TSK_SafetyTask_PWMOFF                    0x08005d81   Thumb Code   148  mc_tasks.o(i.TSK_SafetyTask_PWMOFF)
    TSK_SetChargeBootCapDelayM1              0x08005e2d   Thumb Code     6  mc_tasks.o(i.TSK_SetChargeBootCapDelayM1)
    TSK_SetStopPermanencyTimeM1              0x08005e39   Thumb Code     6  mc_tasks.o(i.TSK_SetStopPermanencyTimeM1)
    TSK_StopPermanencyTimeHasElapsedM1       0x08005e45   Thumb Code    14  mc_tasks.o(i.TSK_StopPermanencyTimeHasElapsedM1)
    UART5_IRQHandler                         0x08005e59   Thumb Code     6  stm32f4xx_it.o(i.UART5_IRQHandler)
    UFCP_AbortReceive                        0x08006031   Thumb Code     8  usart_frame_communication_protocol.o(i.UFCP_AbortReceive)
    UFCP_Init                                0x08006039   Thumb Code     4  usart_frame_communication_protocol.o(i.UFCP_Init)
    UFCP_OVR_IRQ_Handler                     0x0800603d   Thumb Code    20  usart_frame_communication_protocol.o(i.UFCP_OVR_IRQ_Handler)
    UFCP_RX_IRQ_Handler                      0x08006051   Thumb Code   192  usart_frame_communication_protocol.o(i.UFCP_RX_IRQ_Handler)
    UFCP_Receive                             0x0800611d   Thumb Code    52  usart_frame_communication_protocol.o(i.UFCP_Receive)
    UFCP_Send                                0x08006151   Thumb Code    96  usart_frame_communication_protocol.o(i.UFCP_Send)
    UFCP_TX_IRQ_Handler                      0x080061b1   Thumb Code   112  usart_frame_communication_protocol.o(i.UFCP_TX_IRQ_Handler)
    UI_DACExec                               0x08006221   Thumb Code    10  user_interface.o(i.UI_DACExec)
    UI_DACInit                               0x0800622b   Thumb Code    10  user_interface.o(i.UI_DACInit)
    UI_DACUpdate                             0x08006235   Thumb Code    28  ui_task.o(i.UI_DACUpdate)
    UI_ExecCmd                               0x08006255   Thumb Code   110  user_interface.o(i.UI_ExecCmd)
    UI_ExecSpeedRamp                         0x080062c5   Thumb Code    44  user_interface.o(i.UI_ExecSpeedRamp)
    UI_ExecTorqueRamp                        0x080062f5   Thumb Code    20  user_interface.o(i.UI_ExecTorqueRamp)
    UI_GetDAC                                0x08006309   Thumb Code    16  user_interface.o(i.UI_GetDAC)
    UI_GetMPInfo                             0x08006319   Thumb Code     4  user_interface.o(i.UI_GetMPInfo)
    UI_GetReg                                0x0800631d   Thumb Code   864  user_interface.o(i.UI_GetReg)
    UI_GetRevupData                          0x08006689   Thumb Code    74  user_interface.o(i.UI_GetRevupData)
    UI_GetSelectedMC                         0x080066d3   Thumb Code     6  user_interface.o(i.UI_GetSelectedMC)
    UI_HandleStartStopButton_cb              0x080066d9   Thumb Code    24  ui_task.o(i.UI_HandleStartStopButton_cb)
    UI_Init                                  0x080066f1   Thumb Code    22  user_interface.o(i.UI_Init)
    UI_Scheduler                             0x08006709   Thumb Code    40  ui_task.o(i.UI_Scheduler)
    UI_SelectMC                              0x08006735   Thumb Code    18  user_interface.o(i.UI_SelectMC)
    UI_SerialCommunicationTimeOutStart       0x08006749   Thumb Code     8  ui_task.o(i.UI_SerialCommunicationTimeOutStart)
    UI_SerialCommunicationTimeOutStop        0x08006755   Thumb Code     8  ui_task.o(i.UI_SerialCommunicationTimeOutStop)
    UI_SetCurrentReferences                  0x08006761   Thumb Code    26  user_interface.o(i.UI_SetCurrentReferences)
    UI_SetDAC                                0x0800677b   Thumb Code    10  user_interface.o(i.UI_SetDAC)
    UI_SetReg                                0x08006785   Thumb Code   330  user_interface.o(i.UI_SetReg)
    UI_SetRevupData                          0x080068d5   Thumb Code    56  user_interface.o(i.UI_SetRevupData)
    UI_TaskInit                              0x0800690d   Thumb Code   144  ui_task.o(i.UI_TaskInit)
    USART1_IRQHandler                        0x080069bd   Thumb Code   104  stm32f4xx_mc_it.o(i.USART1_IRQHandler)
    VBS_GetAvBusVoltage_V                    0x08006a29   Thumb Code    10  bus_voltage_sensor.o(i.VBS_GetAvBusVoltage_V)
    VSS_Clear                                0x08006a33   Thumb Code    44  virtual_speed_sensor.o(i.VSS_Clear)
    VSS_Init                                 0x08006a5f   Thumb Code     8  virtual_speed_sensor.o(i.VSS_Init)
    VSS_SetCopyObserver                      0x08006a67   Thumb Code     8  virtual_speed_sensor.o(i.VSS_SetCopyObserver)
    VSS_SetMecAcceleration                   0x08006a6f   Thumb Code   124  virtual_speed_sensor.o(i.VSS_SetMecAcceleration)
    VSS_SetMecAngle                          0x08006aeb   Thumb Code    14  virtual_speed_sensor.o(i.VSS_SetMecAngle)
    __0printf                                0x08006af9   Thumb Code    22  printfa.o(i.__0printf)
    __1printf                                0x08006af9   Thumb Code     0  printfa.o(i.__0printf)
    __2printf                                0x08006af9   Thumb Code     0  printfa.o(i.__0printf)
    __c89printf                              0x08006af9   Thumb Code     0  printfa.o(i.__0printf)
    printf                                   0x08006af9   Thumb Code     0  printfa.o(i.__0printf)
    __ARM_fpclassify                         0x08006b19   Thumb Code    48  fpclassify.o(i.__ARM_fpclassify)
    __hardfp_exp                             0x08006b49   Thumb Code   714  exp.o(i.__hardfp_exp)
    __hardfp_log                             0x08006ea1   Thumb Code   872  log.o(i.__hardfp_log)
    __hardfp_pow                             0x08007269   Thumb Code  3072  pow.o(i.__hardfp_pow)
    __hardfp_sin                             0x08007eb9   Thumb Code   180  sin.o(i.__hardfp_sin)
    __ieee754_rem_pio2                       0x08007f81   Thumb Code   938  rred.o(i.__ieee754_rem_pio2)
    __kernel_cos                             0x080083b9   Thumb Code   322  cos_i.o(i.__kernel_cos)
    __kernel_poly                            0x08008529   Thumb Code   248  poly.o(i.__kernel_poly)
    __kernel_sin                             0x08008621   Thumb Code   280  sin_i.o(i.__kernel_sin)
    __mathlib_dbl_divzero                    0x08008751   Thumb Code    28  dunder.o(i.__mathlib_dbl_divzero)
    __mathlib_dbl_infnan                     0x08008781   Thumb Code    20  dunder.o(i.__mathlib_dbl_infnan)
    __mathlib_dbl_infnan2                    0x08008795   Thumb Code    20  dunder.o(i.__mathlib_dbl_infnan2)
    __mathlib_dbl_invalid                    0x080087a9   Thumb Code    24  dunder.o(i.__mathlib_dbl_invalid)
    __mathlib_dbl_overflow                   0x080087c9   Thumb Code    24  dunder.o(i.__mathlib_dbl_overflow)
    __mathlib_dbl_underflow                  0x080087e9   Thumb Code    24  dunder.o(i.__mathlib_dbl_underflow)
    __scatterload_copy                       0x08008809   Thumb Code    14  handlers.o(i.__scatterload_copy)
    __scatterload_null                       0x08008817   Thumb Code     2  handlers.o(i.__scatterload_null)
    __scatterload_zeroinit                   0x08008819   Thumb Code    14  handlers.o(i.__scatterload_zeroinit)
    __set_errno                              0x08008829   Thumb Code     6  errno.o(i.__set_errno)
    control                                  0x080090c1   Thumb Code   322  main.o(i.control)
    fabs                                     0x08009211   Thumb Code    24  fabs.o(i.fabs)
    fputc                                    0x08009229   Thumb Code    22  stm32f4xx_hal_msp.o(i.fputc)
    function_sweep_identification            0x08009249   Thumb Code   378  main.o(i.function_sweep_identification)
    init_my_sweep                            0x08009409   Thumb Code   210  main.o(i.init_my_sweep)
    main                                     0x080094e9   Thumb Code  1354  main.o(i.main)
    mc_lock_pins                             0x08009a49   Thumb Code   272  mc_tasks.o(i.mc_lock_pins)
    send_data_2_matlab                       0x08009b75   Thumb Code   128  main.o(i.send_data_2_matlab)
    sqrt                                     0x08009bf9   Thumb Code   110  sqrt.o(i.sqrt)
    startTimers                              0x08009c69   Thumb Code    92  pwm_common.o(i.startTimers)
    waitForPolarizationEnd                   0x08009cc9   Thumb Code   106  pwm_common.o(i.waitForPolarizationEnd)
    s_fwVer                                  0x08009d32   Data          32  motorcontrol.o(.constdata)
    hSin_Cos_Table                           0x08009d56   Data         512  mc_math.o(.constdata)
    R3_2_ParamsM1                            0x08009f58   Data         148  mc_parameters.o(.constdata)
    AHBPrescTable                            0x08009fec   Data          16  system_stm32f4xx.o(.constdata)
    APBPrescTable                            0x08009ffc   Data           8  system_stm32f4xx.o(.constdata)
    __mathlib_zero                           0x0800a170   Data           8  qnan.o(.constdata)
    Region$$Table$$Base                      0x0800a268   Number         0  anon$$obj.o(Region$$Table)
    Region$$Table$$Limit                     0x0800a288   Number         0  anon$$obj.o(Region$$Table)
    flag                                     0x20000000   Data           4  main.o(.data)
    find_home_flag                           0x20000004   Data           4  main.o(.data)
    motor                                    0x20000008   Data           4  main.o(.data)
    encoder                                  0x2000000c   Data           4  main.o(.data)
    count                                    0x20000010   Data           4  main.o(.data)
    mid                                      0x20000014   Data           4  main.o(.data)
    limp                                     0x20000018   Data           4  main.o(.data)
    limn                                     0x2000001c   Data           4  main.o(.data)
    ek                                       0x20000020   Data           4  main.o(.data)
    ek1                                      0x20000024   Data           4  main.o(.data)
    yk                                       0x20000028   Data           4  main.o(.data)
    yk1                                      0x2000002c   Data           4  main.o(.data)
    ref                                      0x20000030   Data           4  main.o(.data)
    position                                 0x20000034   Data           4  main.o(.data)
    wConfig                                  0x20000048   Data           4  motorcontrol.o(.data)
    pMCI                                     0x2000004c   Data           4  motorcontrol.o(.data)
    pMCT                                     0x20000050   Data           4  motorcontrol.o(.data)
    MPInfo                                   0x20000054   Data           8  motor_control_protocol.o(.data)
    PQD_MotorPowMeasM1                       0x2000005c   Data         276  mc_config.o(.data)
    PIDSpeedHandle_M1                        0x20000170   Data          44  mc_config.o(.data)
    PIDIqHandle_M1                           0x2000019c   Data          44  mc_config.o(.data)
    PIDIdHandle_M1                           0x200001c8   Data          44  mc_config.o(.data)
    SpeednTorqCtrlM1                         0x200001f4   Data          52  mc_config.o(.data)
    PWM_Handle_M1                            0x20000228   Data         124  mc_config.o(.data)
    VirtualSpeedSensorM1                     0x200002a4   Data          56  mc_config.o(.data)
    ENCODER_M1                               0x200002dc   Data         124  mc_config.o(.data)
    EncAlignCtrlM1                           0x20000358   Data          28  mc_config.o(.data)
    TempSensorParamsM1                       0x20000374   Data          40  mc_config.o(.data)
    RealBusVoltageSensorParamsM1             0x2000039c   Data          40  mc_config.o(.data)
    UI_Params                                0x200003c4   Data          48  mc_config.o(.data)
    DAC_UI_Params                            0x200003f4   Data          60  mc_config.o(.data)
    RampExtMngrHFParamsM1                    0x20000430   Data          24  mc_config.o(.data)
    CircleLimitationM1                       0x20000448   Data         180  mc_config.o(.data)
    pUSART                                   0x200004fc   Data         316  mc_config.o(.data)
    bMCBootCompleted                         0x20000638   Data           1  mc_tasks.o(.data)
    oMCInterface                             0x20000640   Data           4  mc_tasks.o(.data)
    pSTC                                     0x20000644   Data           4  mc_tasks.o(.data)
    pPIDSpeed                                0x20000648   Data           4  mc_tasks.o(.data)
    pPIDIq                                   0x2000064c   Data           4  mc_tasks.o(.data)
    pPIDId                                   0x20000650   Data           4  mc_tasks.o(.data)
    pEAC                                     0x20000654   Data           4  mc_tasks.o(.data)
    pBusSensorM1                             0x20000658   Data           4  mc_tasks.o(.data)
    pTemperatureSensor                       0x2000065c   Data           4  mc_tasks.o(.data)
    pwmcHandle                               0x20000660   Data           4  mc_tasks.o(.data)
    pMPM                                     0x20000664   Data           4  mc_tasks.o(.data)
    pCLM                                     0x20000668   Data           4  mc_tasks.o(.data)
    pREMNG                                   0x2000066c   Data           4  mc_tasks.o(.data)
    STM                                      0x20000670   Data           6  mc_tasks.o(.data)
    RCM_UserConvHandle                       0x20000676   Data           1  regular_conversion_manager.o(.data)
    RCM_UserConvState                        0x20000677   Data           1  regular_conversion_manager.o(.data)
    RCM_UserConvValue                        0x20000678   Data           2  regular_conversion_manager.o(.data)
    pDAC                                     0x20000684   Data           4  ui_task.o(.data)
    pMCP                                     0x20000688   Data           4  ui_task.o(.data)
    uwTickFreq                               0x2000068c   Data           1  stm32f4xx_hal.o(.data)
    uwTickPrio                               0x20000690   Data           4  stm32f4xx_hal.o(.data)
    uwTick                                   0x20000694   Data           4  stm32f4xx_hal.o(.data)
    SystemCoreClock                          0x20000698   Data           4  system_stm32f4xx.o(.data)
    __stdout                                 0x2000069c   Data           4  stdout.o(.data)
    hadc1                                    0x200006c0   Data          72  main.o(.bss)
    hadc2                                    0x20000708   Data          72  main.o(.bss)
    hdac                                     0x20000750   Data          20  main.o(.bss)
    htim2                                    0x20000764   Data          72  main.o(.bss)
    htim3                                    0x200007ac   Data          72  main.o(.bss)
    htim8                                    0x200007f4   Data          72  main.o(.bss)
    huart5                                   0x2000083c   Data          68  main.o(.bss)
    huart1                                   0x20000880   Data          68  main.o(.bss)
    RealBusVoltageSensorFilterBufferM1       0x200008c4   Data          20  mc_config.o(.bss)
    FOCVars                                  0x200008d8   Data          38  mc_tasks.o(.bss)
    Mci                                      0x20000900   Data          28  mc_tasks.o(.bss)
    MCT                                      0x2000091c   Data          84  mc_tasks.o(.bss)
    RCM_handle_array                         0x20000970   Data          16  regular_conversion_manager.o(.bss)
    RCM_CB_array                             0x20000980   Data          32  regular_conversion_manager.o(.bss)
    MCP_UI_Params                            0x200009a0   Data         204  ui_task.o(.bss)
    __initial_sp                             0x20000e70   Data           0  startup_stm32f407xx.o(STACK)



==============================================================================

Memory Map of the image

  Image Entry point : 0x08000189

  Load Region LR_IROM1 (Base: 0x08000000, Size: 0x0000a92c, Max: 0x00100000, ABSOLUTE, COMPRESSED[0x0000a424])

    Execution Region ER_IROM1 (Exec base: 0x08000000, Load base: 0x08000000, Size: 0x0000a288, Max: 0x00100000, ABSOLUTE)

    Exec Addr    Load Addr    Size         Type   Attr      Idx    E Section Name        Object

    0x08000000   0x08000000   0x00000188   Data   RO            3    RESET               startup_stm32f407xx.o
    0x08000188   0x08000188   0x00000000   Code   RO         6301  * .ARM.Collect$$$$00000000  mc_w.l(entry.o)
    0x08000188   0x08000188   0x00000004   Code   RO         6630    .ARM.Collect$$$$00000001  mc_w.l(entry2.o)
    0x0800018c   0x0800018c   0x00000004   Code   RO         6633    .ARM.Collect$$$$00000004  mc_w.l(entry5.o)
    0x08000190   0x08000190   0x00000000   Code   RO         6635    .ARM.Collect$$$$00000008  mc_w.l(entry7b.o)
    0x08000190   0x08000190   0x00000000   Code   RO         6637    .ARM.Collect$$$$0000000A  mc_w.l(entry8b.o)
    0x08000190   0x08000190   0x00000008   Code   RO         6638    .ARM.Collect$$$$0000000B  mc_w.l(entry9a.o)
    0x08000198   0x08000198   0x00000004   Code   RO         6645    .ARM.Collect$$$$0000000E  mc_w.l(entry12b.o)
    0x0800019c   0x0800019c   0x00000000   Code   RO         6640    .ARM.Collect$$$$0000000F  mc_w.l(entry10a.o)
    0x0800019c   0x0800019c   0x00000000   Code   RO         6642    .ARM.Collect$$$$00000011  mc_w.l(entry11a.o)
    0x0800019c   0x0800019c   0x00000004   Code   RO         6631    .ARM.Collect$$$$00002712  mc_w.l(entry2.o)
    0x080001a0   0x080001a0   0x00000024   Code   RO            4    .text               startup_stm32f407xx.o
    0x080001c4   0x080001c4   0x000003ce   Code   RO         6241    .text               libmc-keil_M4.lib(revup_ctrl.o)
    0x08000592   0x08000592   0x00000062   Code   RO         6304    .text               mc_w.l(uldiv.o)
    0x080005f4   0x080005f4   0x0000014e   Code   RO         6567    .text               mf_w.l(dadd.o)
    0x08000742   0x08000742   0x000000e4   Code   RO         6569    .text               mf_w.l(dmul.o)
    0x08000826   0x08000826   0x000000de   Code   RO         6571    .text               mf_w.l(ddiv.o)
    0x08000904   0x08000904   0x0000001a   Code   RO         6573    .text               mf_w.l(dfltui.o)
    0x0800091e   0x0800091e   0x00000026   Code   RO         6575    .text               mf_w.l(f2d.o)
    0x08000944   0x08000944   0x00000038   Code   RO         6577    .text               mf_w.l(d2f.o)
    0x0800097c   0x0800097c   0x0000002c   Code   RO         6647    .text               mc_w.l(uidiv.o)
    0x080009a8   0x080009a8   0x0000001e   Code   RO         6649    .text               mc_w.l(llshl.o)
    0x080009c6   0x080009c6   0x00000020   Code   RO         6651    .text               mc_w.l(llushr.o)
    0x080009e6   0x080009e6   0x00000024   Code   RO         6653    .text               mc_w.l(llsshr.o)
    0x08000a0a   0x08000a0a   0x00000000   Code   RO         6662    .text               mc_w.l(iusefp.o)
    0x08000a0a   0x08000a0a   0x0000006e   Code   RO         6663    .text               mf_w.l(fepilogue.o)
    0x08000a78   0x08000a78   0x000000ba   Code   RO         6665    .text               mf_w.l(depilogue.o)
    0x08000b32   0x08000b32   0x0000002e   Code   RO         6669    .text               mf_w.l(dscalb.o)
    0x08000b60   0x08000b60   0x00000022   Code   RO         6671    .text               mf_w.l(dflti.o)
    0x08000b82   0x08000b82   0x0000003e   Code   RO         6673    .text               mf_w.l(dfixi.o)
    0x08000bc0   0x08000bc0   0x00000030   Code   RO         6675    .text               mf_w.l(dfixul.o)
    0x08000bf0   0x08000bf0   0x00000030   Code   RO         6677    .text               mf_w.l(cdcmple.o)
    0x08000c20   0x08000c20   0x00000030   Code   RO         6679    .text               mf_w.l(cdrcmple.o)
    0x08000c50   0x08000c50   0x00000024   Code   RO         6681    .text               mc_w.l(init.o)
    0x08000c74   0x08000c74   0x000000a2   Code   RO         6683    .text               mf_w.l(dsqrt.o)
    0x08000d16   0x08000d16   0x00000056   Code   RO         6693    .text               mc_w.l(__dczerorl2.o)
    0x08000d6c   0x08000d6c   0x0000003c   Code   RO         1276    i.ADC_IRQHandler    stm32f4xx_mc_it.o
    0x08000da8   0x08000da8   0x00000056   Code   RO         4718    i.Circle_Limitation  circle_limitation.o
    0x08000dfe   0x08000dfe   0x00000002   PAD
    0x08000e00   0x08000e00   0x0000005c   Code   RO         1602    i.DAC_Exec          dac_ui.o
    0x08000e5c   0x08000e5c   0x00000008   Code   RO         6041    i.DAC_GetChannelConfig  dac_common_ui.o
    0x08000e64   0x08000e64   0x0000000a   Code   RO         6042    i.DAC_GetUserChannelValue  dac_common_ui.o
    0x08000e6e   0x08000e6e   0x00000002   PAD
    0x08000e70   0x08000e70   0x00000018   Code   RO         1603    i.DAC_Init          dac_ui.o
    0x08000e88   0x08000e88   0x00000008   Code   RO         6043    i.DAC_SetChannelConfig  dac_common_ui.o
    0x08000e90   0x08000e90   0x00000008   Code   RO         6044    i.DAC_SetUserChannelValue  dac_common_ui.o
    0x08000e98   0x08000e98   0x00000034   Code   RO         4775    i.EAC_Exec          enc_align_ctrl.o
    0x08000ecc   0x08000ecc   0x00000004   Code   RO         4776    i.EAC_GetRestartState  enc_align_ctrl.o
    0x08000ed0   0x08000ed0   0x0000000e   Code   RO         4777    i.EAC_Init          enc_align_ctrl.o
    0x08000ede   0x08000ede   0x00000004   Code   RO         4778    i.EAC_IsAligned     enc_align_ctrl.o
    0x08000ee2   0x08000ee2   0x00000004   Code   RO         4779    i.EAC_SetRestartState  enc_align_ctrl.o
    0x08000ee6   0x08000ee6   0x0000004a   Code   RO         4780    i.EAC_StartAlignment  enc_align_ctrl.o
    0x08000f30   0x08000f30   0x0000002e   Code   RO         4829    i.ENC_CalcAngle     encoder_speed_pos_fdbk.o
    0x08000f5e   0x08000f5e   0x00000128   Code   RO         4830    i.ENC_CalcAvrgMecSpeedUnit  encoder_speed_pos_fdbk.o
    0x08001086   0x08001086   0x00000002   PAD
    0x08001088   0x08001088   0x0000002a   Code   RO         4831    i.ENC_Clear         encoder_speed_pos_fdbk.o
    0x080010b2   0x080010b2   0x0000000e   Code   RO         4832    i.ENC_IRQHandler    encoder_speed_pos_fdbk.o
    0x080010c0   0x080010c0   0x000000c4   Code   RO         4833    i.ENC_Init          encoder_speed_pos_fdbk.o
    0x08001184   0x08001184   0x0000002c   Code   RO         4834    i.ENC_SetMecAngle   encoder_speed_pos_fdbk.o
    0x080011b0   0x080011b0   0x00000018   Code   RO         1277    i.EXTI0_IRQHandler  stm32f4xx_mc_it.o
    0x080011c8   0x080011c8   0x00000006   Code   RO         1635    i.EXTI1_IRQHandler  stm32f4xx_it.o
    0x080011ce   0x080011ce   0x0000002e   Code   RO         6083    i.FCP_CalcCRC       frame_communication_protocol.o
    0x080011fc   0x080011fc   0x0000002a   Code   RO         6084    i.FCP_Init          frame_communication_protocol.o
    0x08001226   0x08001226   0x0000000e   Code   RO         6086    i.FCP_SetClient     frame_communication_protocol.o
    0x08001234   0x08001234   0x00000034   Code   RO          780    i.FOC_CalcCurrRef   mc_tasks.o
    0x08001268   0x08001268   0x0000006c   Code   RO          781    i.FOC_Clear         mc_tasks.o
    0x080012d4   0x080012d4   0x00000002   Code   RO          782    i.FOC_InitAdditionalMethods  mc_tasks.o
    0x080012d6   0x080012d6   0x00000002   PAD
    0x080012d8   0x080012d8   0x0000020c   Code   RO         1946    i.HAL_ADCEx_InjectedConfigChannel  stm32f4xx_hal_adc_ex.o
    0x080014e4   0x080014e4   0x000001b0   Code   RO         1782    i.HAL_ADC_ConfigChannel  stm32f4xx_hal_adc.o
    0x08001694   0x08001694   0x00000174   Code   RO         1791    i.HAL_ADC_Init      stm32f4xx_hal_adc.o
    0x08001808   0x08001808   0x00000110   Code   RO         1676    i.HAL_ADC_MspInit   stm32f4xx_hal_msp.o
    0x08001918   0x08001918   0x00000052   Code   RO         3129    i.HAL_DAC_ConfigChannel  stm32f4xx_hal_dac.o
    0x0800196a   0x0800196a   0x00000028   Code   RO         3139    i.HAL_DAC_Init      stm32f4xx_hal_dac.o
    0x08001992   0x08001992   0x00000002   PAD
    0x08001994   0x08001994   0x00000064   Code   RO         1678    i.HAL_DAC_MspInit   stm32f4xx_hal_msp.o
    0x080019f8   0x080019f8   0x000000a6   Code   RO         2473    i.HAL_DMA_Abort     stm32f4xx_hal_dma.o
    0x08001a9e   0x08001a9e   0x00000024   Code   RO         2474    i.HAL_DMA_Abort_IT  stm32f4xx_hal_dma.o
    0x08001ac2   0x08001ac2   0x00000002   PAD
    0x08001ac4   0x08001ac4   0x00000028   Code   RO         2875    i.HAL_Delay         stm32f4xx_hal.o
    0x08001aec   0x08001aec   0x00000014   Code   RO           14    i.HAL_GPIO_EXTI_Callback  main.o
    0x08001b00   0x08001b00   0x00000018   Code   RO         2373    i.HAL_GPIO_EXTI_IRQHandler  stm32f4xx_hal_gpio.o
    0x08001b18   0x08001b18   0x00000200   Code   RO         2374    i.HAL_GPIO_Init     stm32f4xx_hal_gpio.o
    0x08001d18   0x08001d18   0x0000000a   Code   RO         2376    i.HAL_GPIO_ReadPin  stm32f4xx_hal_gpio.o
    0x08001d22   0x08001d22   0x00000002   PAD
    0x08001d24   0x08001d24   0x0000000c   Code   RO         2881    i.HAL_GetTick       stm32f4xx_hal.o
    0x08001d30   0x08001d30   0x00000010   Code   RO         2887    i.HAL_IncTick       stm32f4xx_hal.o
    0x08001d40   0x08001d40   0x00000034   Code   RO         2888    i.HAL_Init          stm32f4xx_hal.o
    0x08001d74   0x08001d74   0x00000040   Code   RO         2889    i.HAL_InitTick      stm32f4xx_hal.o
    0x08001db4   0x08001db4   0x00000038   Code   RO         1679    i.HAL_MspInit       stm32f4xx_hal_msp.o
    0x08001dec   0x08001dec   0x0000001e   Code   RO         2743    i.HAL_NVIC_EnableIRQ  stm32f4xx_hal_cortex.o
    0x08001e0a   0x08001e0a   0x00000002   PAD
    0x08001e0c   0x08001e0c   0x00000064   Code   RO         2749    i.HAL_NVIC_SetPriority  stm32f4xx_hal_cortex.o
    0x08001e70   0x08001e70   0x00000024   Code   RO         2750    i.HAL_NVIC_SetPriorityGrouping  stm32f4xx_hal_cortex.o
    0x08001e94   0x08001e94   0x0000015c   Code   RO         2052    i.HAL_RCC_ClockConfig  stm32f4xx_hal_rcc.o
    0x08001ff0   0x08001ff0   0x0000000c   Code   RO         2055    i.HAL_RCC_EnableCSS  stm32f4xx_hal_rcc.o
    0x08001ffc   0x08001ffc   0x0000000c   Code   RO         2057    i.HAL_RCC_GetHCLKFreq  stm32f4xx_hal_rcc.o
    0x08002008   0x08002008   0x00000020   Code   RO         2059    i.HAL_RCC_GetPCLK1Freq  stm32f4xx_hal_rcc.o
    0x08002028   0x08002028   0x00000020   Code   RO         2060    i.HAL_RCC_GetPCLK2Freq  stm32f4xx_hal_rcc.o
    0x08002048   0x08002048   0x00000074   Code   RO         2061    i.HAL_RCC_GetSysClockFreq  stm32f4xx_hal_rcc.o
    0x080020bc   0x080020bc   0x00000404   Code   RO         2064    i.HAL_RCC_OscConfig  stm32f4xx_hal_rcc.o
    0x080024c0   0x080024c0   0x00000002   Code   RO         2753    i.HAL_SYSTICK_Callback  stm32f4xx_hal_cortex.o
    0x080024c2   0x080024c2   0x00000002   PAD
    0x080024c4   0x080024c4   0x0000002c   Code   RO         2754    i.HAL_SYSTICK_Config  stm32f4xx_hal_cortex.o
    0x080024f0   0x080024f0   0x00000008   Code   RO         2755    i.HAL_SYSTICK_IRQHandler  stm32f4xx_hal_cortex.o
    0x080024f8   0x080024f8   0x00000002   Code   RO         4035    i.HAL_TIMEx_BreakCallback  stm32f4xx_hal_tim_ex.o
    0x080024fa   0x080024fa   0x00000002   Code   RO         4036    i.HAL_TIMEx_CommutCallback  stm32f4xx_hal_tim_ex.o
    0x080024fc   0x080024fc   0x00000052   Code   RO         4038    i.HAL_TIMEx_ConfigBreakDeadTime  stm32f4xx_hal_tim_ex.o
    0x0800254e   0x0800254e   0x00000096   Code   RO         4054    i.HAL_TIMEx_MasterConfigSynchronization  stm32f4xx_hal_tim_ex.o
    0x080025e4   0x080025e4   0x0000005a   Code   RO         3368    i.HAL_TIM_Base_Init  stm32f4xx_hal_tim.o
    0x0800263e   0x0800263e   0x00000002   PAD
    0x08002640   0x08002640   0x0000002c   Code   RO         1681    i.HAL_TIM_Base_MspInit  stm32f4xx_hal_msp.o
    0x0800266c   0x0800266c   0x00000080   Code   RO         3373    i.HAL_TIM_Base_Start_IT  stm32f4xx_hal_tim.o
    0x080026ec   0x080026ec   0x000000c4   Code   RO         3389    i.HAL_TIM_Encoder_Init  stm32f4xx_hal_tim.o
    0x080027b0   0x080027b0   0x000000e0   Code   RO         1683    i.HAL_TIM_Encoder_MspInit  stm32f4xx_hal_msp.o
    0x08002890   0x08002890   0x000000c4   Code   RO         3392    i.HAL_TIM_Encoder_Start  stm32f4xx_hal_tim.o
    0x08002954   0x08002954   0x00000002   Code   RO         3402    i.HAL_TIM_IC_CaptureCallback  stm32f4xx_hal_tim.o
    0x08002956   0x08002956   0x0000016c   Code   RO         3416    i.HAL_TIM_IRQHandler  stm32f4xx_hal_tim.o
    0x08002ac2   0x08002ac2   0x00000002   PAD
    0x08002ac4   0x08002ac4   0x00000080   Code   RO         1684    i.HAL_TIM_MspPostInit  stm32f4xx_hal_msp.o
    0x08002b44   0x08002b44   0x00000002   Code   RO         3419    i.HAL_TIM_OC_DelayElapsedCallback  stm32f4xx_hal_tim.o
    0x08002b46   0x08002b46   0x00000002   PAD
    0x08002b48   0x08002b48   0x0000024c   Code   RO         3440    i.HAL_TIM_PWM_ConfigChannel  stm32f4xx_hal_tim.o
    0x08002d94   0x08002d94   0x0000005a   Code   RO         3443    i.HAL_TIM_PWM_Init  stm32f4xx_hal_tim.o
    0x08002dee   0x08002dee   0x00000002   Code   RO         3445    i.HAL_TIM_PWM_MspInit  stm32f4xx_hal_tim.o
    0x08002df0   0x08002df0   0x00000002   Code   RO         3446    i.HAL_TIM_PWM_PulseFinishedCallback  stm32f4xx_hal_tim.o
    0x08002df2   0x08002df2   0x00000002   PAD
    0x08002df4   0x08002df4   0x00000030   Code   RO           15    i.HAL_TIM_PeriodElapsedCallback  main.o
    0x08002e24   0x08002e24   0x00000056   Code   RO         3457    i.HAL_TIM_SlaveConfigSynchro  stm32f4xx_hal_tim.o
    0x08002e7a   0x08002e7a   0x00000002   Code   RO         3459    i.HAL_TIM_TriggerCallback  stm32f4xx_hal_tim.o
    0x08002e7c   0x08002e7c   0x00000002   Code   RO         4308    i.HAL_UARTEx_RxEventCallback  stm32f4xx_hal_uart.o
    0x08002e7e   0x08002e7e   0x00000002   Code   RO         4322    i.HAL_UART_ErrorCallback  stm32f4xx_hal_uart.o
    0x08002e80   0x08002e80   0x00000304   Code   RO         4325    i.HAL_UART_IRQHandler  stm32f4xx_hal_uart.o
    0x08003184   0x08003184   0x00000062   Code   RO         4326    i.HAL_UART_Init     stm32f4xx_hal_uart.o
    0x080031e6   0x080031e6   0x00000002   PAD
    0x080031e8   0x080031e8   0x000000f0   Code   RO         1686    i.HAL_UART_MspInit  stm32f4xx_hal_msp.o
    0x080032d8   0x080032d8   0x00000002   Code   RO         4332    i.HAL_UART_RxCpltCallback  stm32f4xx_hal_uart.o
    0x080032da   0x080032da   0x00000002   PAD
    0x080032dc   0x080032dc   0x00000164   Code   RO         4334    i.HAL_UART_Transmit  stm32f4xx_hal_uart.o
    0x08003440   0x08003440   0x00000002   Code   RO         4337    i.HAL_UART_TxCpltCallback  stm32f4xx_hal_uart.o
    0x08003442   0x08003442   0x00000002   PAD
    0x08003444   0x08003444   0x0000006c   Code   RO         1278    i.HardFault_Handler  stm32f4xx_mc_it.o
    0x080034b0   0x080034b0   0x00000060   Code   RO         5884    i.LL_TIM_OC_SetMode  r3_2_f4xx_pwm_curr_fdbk.o
    0x08003510   0x08003510   0x00000010   Code   RO         1048    i.MCI_Clear_Iqdref  mc_interface.o
    0x08003520   0x08003520   0x00000008   Code   RO         1049    i.MCI_EncoderAlign  mc_interface.o
    0x08003528   0x08003528   0x00000078   Code   RO         1050    i.MCI_ExecBufferedCommands  mc_interface.o
    0x080035a0   0x080035a0   0x0000000e   Code   RO         1051    i.MCI_ExecSpeedRamp  mc_interface.o
    0x080035ae   0x080035ae   0x00000012   Code   RO         1052    i.MCI_ExecTorqueRamp  mc_interface.o
    0x080035c0   0x080035c0   0x00000006   Code   RO         1053    i.MCI_FaultAcknowledged  mc_interface.o
    0x080035c6   0x080035c6   0x00000010   Code   RO         1054    i.MCI_GetAvrgMecSpeedUnit  mc_interface.o
    0x080035d6   0x080035d6   0x00000004   Code   RO         1055    i.MCI_GetControlMode  mc_interface.o
    0x080035da   0x080035da   0x00000006   Code   RO         1058    i.MCI_GetIab        mc_interface.o
    0x080035e0   0x080035e0   0x00000006   Code   RO         1059    i.MCI_GetIalphabeta  mc_interface.o
    0x080035e6   0x080035e6   0x00000006   Code   RO         1061    i.MCI_GetIqd        mc_interface.o
    0x080035ec   0x080035ec   0x00000006   Code   RO         1063    i.MCI_GetIqdref     mc_interface.o
    0x080035f2   0x080035f2   0x00000010   Code   RO         1064    i.MCI_GetLastRampFinalSpeed  mc_interface.o
    0x08003602   0x08003602   0x00000006   Code   RO         1065    i.MCI_GetMecSpeedRefUnit  mc_interface.o
    0x08003608   0x08003608   0x00000006   Code   RO         1069    i.MCI_GetSTMState   mc_interface.o
    0x0800360e   0x0800360e   0x00000008   Code   RO         1071    i.MCI_GetTeref      mc_interface.o
    0x08003616   0x08003616   0x00000008   Code   RO         1072    i.MCI_GetValphabeta  mc_interface.o
    0x0800361e   0x0800361e   0x00000008   Code   RO         1073    i.MCI_GetVqd        mc_interface.o
    0x08003626   0x08003626   0x00000014   Code   RO         1074    i.MCI_Init          mc_interface.o
    0x0800363a   0x0800363a   0x00000014   Code   RO         1077    i.MCI_SetCurrentReferences  mc_interface.o
    0x0800364e   0x0800364e   0x0000000a   Code   RO         1078    i.MCI_SetIdref      mc_interface.o
    0x08003658   0x08003658   0x00000016   Code   RO         1079    i.MCI_StartMotor    mc_interface.o
    0x0800366e   0x0800366e   0x00000008   Code   RO         1080    i.MCI_StopMotor     mc_interface.o
    0x08003676   0x08003676   0x00000006   Code   RO         1081    i.MCI_StopRamp      mc_interface.o
    0x0800367c   0x0800367c   0x0000004c   Code   RO          985    i.MCM_Clarke        mc_math.o
    0x080036c8   0x080036c8   0x00000084   Code   RO          986    i.MCM_Park          mc_math.o
    0x0800374c   0x0800374c   0x00000036   Code   RO          987    i.MCM_Rev_Park      mc_math.o
    0x08003782   0x08003782   0x00000002   PAD
    0x08003784   0x08003784   0x00000074   Code   RO          989    i.MCM_Trig_Functions  mc_math.o
    0x080037f8   0x080037f8   0x00000044   Code   RO          660    i.MCP_Init          motor_control_protocol.o
    0x0800383c   0x0800383c   0x00000008   Code   RO          661    i.MCP_OnTimeOut     motor_control_protocol.o
    0x08003844   0x08003844   0x0000070c   Code   RO          662    i.MCP_ReceivedFrame  motor_control_protocol.o
    0x08003f50   0x08003f50   0x00000008   Code   RO          667    i.MCP_SentFrame     motor_control_protocol.o
    0x08003f58   0x08003f58   0x0000001a   Code   RO          668    i.MCP_WaitNextFrame  motor_control_protocol.o
    0x08003f72   0x08003f72   0x00000002   PAD
    0x08003f74   0x08003f74   0x0000000c   Code   RO          447    i.MC_AlignEncoderMotor1  mc_api.o
    0x08003f80   0x08003f80   0x0000000c   Code   RO          459    i.MC_GetMecSpeedAverageMotor1  mc_api.o
    0x08003f8c   0x08003f8c   0x0000000c   Code   RO          464    i.MC_GetSTMStateMotor1  mc_api.o
    0x08003f98   0x08003f98   0x00000014   Code   RO          470    i.MC_ProgramSpeedRampMotor1  mc_api.o
    0x08003fac   0x08003fac   0x00000014   Code   RO          471    i.MC_ProgramTorqueRampMotor1  mc_api.o
    0x08003fc0   0x08003fc0   0x00000020   Code   RO          785    i.MC_RunMotorControlTasks  mc_tasks.o
    0x08003fe0   0x08003fe0   0x00000040   Code   RO          786    i.MC_Scheduler      mc_tasks.o
    0x08004020   0x08004020   0x0000000c   Code   RO          474    i.MC_StartMotor1    mc_api.o
    0x0800402c   0x0800402c   0x0000000c   Code   RO          475    i.MC_StopMotor1     mc_api.o
    0x08004038   0x08004038   0x000001b0   Code   RO          787    i.MCboot            mc_tasks.o
    0x080041e8   0x080041e8   0x00000046   Code   RO         4888    i.MPM_CalcElMotorPower  motor_power_measurement.o
    0x0800422e   0x0800422e   0x0000001a   Code   RO         4889    i.MPM_Clear         motor_power_measurement.o
    0x08004248   0x08004248   0x00000006   Code   RO         4890    i.MPM_GetAvrgElMotorPowerW  motor_power_measurement.o
    0x0800424e   0x0800424e   0x00000002   PAD
    0x08004250   0x08004250   0x00000038   Code   RO          406    i.MX_MotorControl_Init  motorcontrol.o
    0x08004288   0x08004288   0x0000003a   Code   RO         4930    i.NTC_CalcAvTemp    ntc_temperature_sensor.o
    0x080042c2   0x080042c2   0x00000006   Code   RO         4932    i.NTC_Clear         ntc_temperature_sensor.o
    0x080042c8   0x080042c8   0x00000028   Code   RO         4933    i.NTC_GetAvTemp_C   ntc_temperature_sensor.o
    0x080042f0   0x080042f0   0x00000024   Code   RO         4935    i.NTC_Init          ntc_temperature_sensor.o
    0x08004314   0x08004314   0x00000018   Code   RO         4936    i.NTC_SetFaultState  ntc_temperature_sensor.o
    0x0800432c   0x0800432c   0x00000006   Code   RO         5041    i.PID_GetKD         pid_regulator.o
    0x08004332   0x08004332   0x00000006   Code   RO         5043    i.PID_GetKI         pid_regulator.o
    0x08004338   0x08004338   0x00000004   Code   RO         5044    i.PID_GetKIDivisor  pid_regulator.o
    0x0800433c   0x0800433c   0x00000006   Code   RO         5045    i.PID_GetKP         pid_regulator.o
    0x08004342   0x08004342   0x00000004   Code   RO         5046    i.PID_GetKPDivisor  pid_regulator.o
    0x08004346   0x08004346   0x00000014   Code   RO         5047    i.PID_HandleInit    pid_regulator.o
    0x0800435a   0x0800435a   0x00000004   Code   RO         5048    i.PID_SetIntegralTerm  pid_regulator.o
    0x0800435e   0x0800435e   0x00000004   Code   RO         5049    i.PID_SetKD         pid_regulator.o
    0x08004362   0x08004362   0x00000004   Code   RO         5051    i.PID_SetKI         pid_regulator.o
    0x08004366   0x08004366   0x00000004   Code   RO         5053    i.PID_SetKP         pid_regulator.o
    0x0800436a   0x0800436a   0x00000002   PAD
    0x0800436c   0x0800436c   0x00000080   Code   RO         5060    i.PI_Controller     pid_regulator.o
    0x080043ec   0x080043ec   0x00000060   Code   RO         5194    i.PQD_CalcElMotorPower  pqd_motor_power_measurement.o
    0x0800444c   0x0800444c   0x00000004   Code   RO         5218    i.PWMC_CheckOverCurrent  pwm_curr_fdbk.o
    0x08004450   0x08004450   0x00000042   Code   RO         5219    i.PWMC_CurrentReadingCalibr  pwm_curr_fdbk.o
    0x08004492   0x08004492   0x00000004   Code   RO         5220    i.PWMC_GetPhaseCurrents  pwm_curr_fdbk.o
    0x08004496   0x08004496   0x000001f0   Code   RO         5238    i.PWMC_SetPhaseVoltage  pwm_curr_fdbk.o
    0x08004686   0x08004686   0x00000004   Code   RO         5239    i.PWMC_SwitchOffPWM  pwm_curr_fdbk.o
    0x0800468a   0x0800468a   0x00000004   Code   RO         5240    i.PWMC_SwitchOnPWM  pwm_curr_fdbk.o
    0x0800468e   0x0800468e   0x00000004   Code   RO         5241    i.PWMC_TurnOnLowSides  pwm_curr_fdbk.o
    0x08004692   0x08004692   0x00000030   Code   RO         5885    i.R3_2_BRK_IRQHandler  r3_2_f4xx_pwm_curr_fdbk.o
    0x080046c2   0x080046c2   0x00000002   PAD
    0x080046c4   0x080046c4   0x0000013c   Code   RO         5886    i.R3_2_CurrentReadingCalibration  r3_2_f4xx_pwm_curr_fdbk.o
    0x08004800   0x08004800   0x0000012c   Code   RO         5887    i.R3_2_GetPhaseCurrents  r3_2_f4xx_pwm_curr_fdbk.o
    0x0800492c   0x0800492c   0x00000056   Code   RO         5888    i.R3_2_HFCurrentsCalibrationAB  r3_2_f4xx_pwm_curr_fdbk.o
    0x08004982   0x08004982   0x0000003e   Code   RO         5889    i.R3_2_HFCurrentsCalibrationC  r3_2_f4xx_pwm_curr_fdbk.o
    0x080049c0   0x080049c0   0x00000118   Code   RO         5890    i.R3_2_Init         r3_2_f4xx_pwm_curr_fdbk.o
    0x08004ad8   0x08004ad8   0x00000016   Code   RO         5891    i.R3_2_IsOverCurrentOccurred  r3_2_f4xx_pwm_curr_fdbk.o
    0x08004aee   0x08004aee   0x00000002   PAD
    0x08004af0   0x08004af0   0x000000ec   Code   RO         5892    i.R3_2_RLDetectionModeDisable  r3_2_f4xx_pwm_curr_fdbk.o
    0x08004bdc   0x08004bdc   0x000000b8   Code   RO         5893    i.R3_2_RLDetectionModeEnable  r3_2_f4xx_pwm_curr_fdbk.o
    0x08004c94   0x08004c94   0x00000034   Code   RO         5894    i.R3_2_RLDetectionModeSetDuty  r3_2_f4xx_pwm_curr_fdbk.o
    0x08004cc8   0x08004cc8   0x00000048   Code   RO         5895    i.R3_2_RLGetPhaseCurrents  r3_2_f4xx_pwm_curr_fdbk.o
    0x08004d10   0x08004d10   0x000000b0   Code   RO         5896    i.R3_2_RLSwitchOnPWM  r3_2_f4xx_pwm_curr_fdbk.o
    0x08004dc0   0x08004dc0   0x00000046   Code   RO         5897    i.R3_2_RLTurnOnLowSides  r3_2_f4xx_pwm_curr_fdbk.o
    0x08004e06   0x08004e06   0x00000044   Code   RO         5898    i.R3_2_SetADCSampPointCalibration  r3_2_f4xx_pwm_curr_fdbk.o
    0x08004e4a   0x08004e4a   0x00000086   Code   RO         5899    i.R3_2_SetADCSampPointSectX  r3_2_f4xx_pwm_curr_fdbk.o
    0x08004ed0   0x08004ed0   0x00000052   Code   RO         5900    i.R3_2_SwitchOffPWM  r3_2_f4xx_pwm_curr_fdbk.o
    0x08004f22   0x08004f22   0x000000bc   Code   RO         5901    i.R3_2_SwitchOnPWM  r3_2_f4xx_pwm_curr_fdbk.o
    0x08004fde   0x08004fde   0x000000f2   Code   RO         5902    i.R3_2_TIMx_UP_IRQHandler  r3_2_f4xx_pwm_curr_fdbk.o
    0x080050d0   0x080050d0   0x0000004c   Code   RO         5903    i.R3_2_TurnOnLowSides  r3_2_f4xx_pwm_curr_fdbk.o
    0x0800511c   0x0800511c   0x00000080   Code   RO          919    i.RCM_ExecRegularConv  regular_conversion_manager.o
    0x0800519c   0x0800519c   0x00000044   Code   RO          920    i.RCM_ExecUserConv  regular_conversion_manager.o
    0x080051e0   0x080051e0   0x00000104   Code   RO          923    i.RCM_RegisterRegConv  regular_conversion_manager.o
    0x080052e4   0x080052e4   0x00000010   Code   RO         5467    i.REMNG_Init        ramp_ext_mngr.o
    0x080052f4   0x080052f4   0x00000064   Code   RO         5416    i.RVBS_CalcAvVbus   r_divider_bus_voltage_sensor.o
    0x08005358   0x08005358   0x00000018   Code   RO         5418    i.RVBS_CheckFaultState  r_divider_bus_voltage_sensor.o
    0x08005370   0x08005370   0x0000002c   Code   RO         5419    i.RVBS_Clear        r_divider_bus_voltage_sensor.o
    0x0800539c   0x0800539c   0x00000016   Code   RO         5420    i.RVBS_Init         r_divider_bus_voltage_sensor.o
    0x080053b2   0x080053b2   0x00000006   Code   RO         5525    i.SPD_GetAvrgMecSpeedUnit  speed_pos_fdbk.o
    0x080053b8   0x080053b8   0x00000006   Code   RO         5526    i.SPD_GetElAngle    speed_pos_fdbk.o
    0x080053be   0x080053be   0x00000006   Code   RO         5529    i.SPD_GetInstElSpeedDpp  speed_pos_fdbk.o
    0x080053c4   0x080053c4   0x00000014   Code   RO         5531    i.SPD_GetS16Speed   speed_pos_fdbk.o
    0x080053d8   0x080053d8   0x00000060   Code   RO         5532    i.SPD_IsMecSpeedReliable  speed_pos_fdbk.o
    0x08005438   0x08005438   0x0000005c   Code   RO         5602    i.STC_CalcTorqueReference  speed_torq_ctrl.o
    0x08005494   0x08005494   0x00000010   Code   RO         5603    i.STC_Clear         speed_torq_ctrl.o
    0x080054a4   0x080054a4   0x00000092   Code   RO         5604    i.STC_ExecRamp      speed_torq_ctrl.o
    0x08005536   0x08005536   0x00000010   Code   RO         5605    i.STC_ForceSpeedReferenceToCurrentSpeed  speed_torq_ctrl.o
    0x08005546   0x08005546   0x00000010   Code   RO         5607    i.STC_GetDefaultIqdref  speed_torq_ctrl.o
    0x08005556   0x08005556   0x00000004   Code   RO         5608    i.STC_GetMaxAppPositiveMecSpeedUnit  speed_torq_ctrl.o
    0x0800555a   0x0800555a   0x0000000c   Code   RO         5609    i.STC_GetMecSpeedRefUnit  speed_torq_ctrl.o
    0x08005566   0x08005566   0x00000006   Code   RO         5610    i.STC_GetMecSpeedRefUnitDefault  speed_torq_ctrl.o
    0x0800556c   0x0800556c   0x00000006   Code   RO         5611    i.STC_GetMinAppNegativeMecSpeedUnit  speed_torq_ctrl.o
    0x08005572   0x08005572   0x00000004   Code   RO         5612    i.STC_GetSpeedSensor  speed_torq_ctrl.o
    0x08005576   0x08005576   0x0000000c   Code   RO         5613    i.STC_GetTorqueRef  speed_torq_ctrl.o
    0x08005582   0x08005582   0x00000020   Code   RO         5614    i.STC_Init          speed_torq_ctrl.o
    0x080055a2   0x080055a2   0x00000008   Code   RO         5616    i.STC_SetControlMode  speed_torq_ctrl.o
    0x080055aa   0x080055aa   0x00000004   Code   RO         5618    i.STC_SetSpeedSensor  speed_torq_ctrl.o
    0x080055ae   0x080055ae   0x00000008   Code   RO         5619    i.STC_StopRamp      speed_torq_ctrl.o
    0x080055b6   0x080055b6   0x00000016   Code   RO         5734    i.STM_FaultAcknowledged  state_machine.o
    0x080055cc   0x080055cc   0x00000036   Code   RO         5735    i.STM_FaultProcessing  state_machine.o
    0x08005602   0x08005602   0x0000000a   Code   RO         5736    i.STM_GetFaultState  state_machine.o
    0x0800560c   0x0800560c   0x00000004   Code   RO         5737    i.STM_GetState      state_machine.o
    0x08005610   0x08005610   0x0000000a   Code   RO         5738    i.STM_Init          state_machine.o
    0x0800561a   0x0800561a   0x000000fe   Code   RO         5739    i.STM_NextState     state_machine.o
    0x08005718   0x08005718   0x00000028   Code   RO         1279    i.SysTick_Handler   stm32f4xx_mc_it.o
    0x08005740   0x08005740   0x00000098   Code   RO           16    i.SystemClock_Config  main.o
    0x080057d8   0x080057d8   0x00000010   Code   RO         4639    i.SystemInit        system_stm32f4xx.o
    0x080057e8   0x080057e8   0x00000024   Code   RO         1280    i.TIM2_IRQHandler   stm32f4xx_mc_it.o
    0x0800580c   0x0800580c   0x0000000c   Code   RO         1636    i.TIM3_IRQHandler   stm32f4xx_it.o
    0x08005818   0x08005818   0x00000028   Code   RO         1281    i.TIM8_BRK_TIM12_IRQHandler  stm32f4xx_mc_it.o
    0x08005840   0x08005840   0x00000018   Code   RO         1282    i.TIM8_UP_TIM13_IRQHandler  stm32f4xx_mc_it.o
    0x08005858   0x08005858   0x000000cc   Code   RO         3461    i.TIM_Base_SetConfig  stm32f4xx_hal_tim.o
    0x08005924   0x08005924   0x000000e8   Code   RO         3474    i.TIM_SlaveTimer_SetConfig  stm32f4xx_hal_tim.o
    0x08005a0c   0x08005a0c   0x00000014   Code   RO          788    i.TSK_ChargeBootCapDelayHasElapsedM1  mc_tasks.o
    0x08005a20   0x08005a20   0x00000020   Code   RO          789    i.TSK_HardwareFaultTask  mc_tasks.o
    0x08005a40   0x08005a40   0x000000cc   Code   RO          790    i.TSK_HighFrequencyTask  mc_tasks.o
    0x08005b0c   0x08005b0c   0x00000254   Code   RO          791    i.TSK_MediumFrequencyTaskM1  mc_tasks.o
    0x08005d60   0x08005d60   0x00000020   Code   RO          792    i.TSK_SafetyTask    mc_tasks.o
    0x08005d80   0x08005d80   0x000000ac   Code   RO          793    i.TSK_SafetyTask_PWMOFF  mc_tasks.o
    0x08005e2c   0x08005e2c   0x0000000c   Code   RO          794    i.TSK_SetChargeBootCapDelayM1  mc_tasks.o
    0x08005e38   0x08005e38   0x0000000c   Code   RO          795    i.TSK_SetStopPermanencyTimeM1  mc_tasks.o
    0x08005e44   0x08005e44   0x00000014   Code   RO          796    i.TSK_StopPermanencyTimeHasElapsedM1  mc_tasks.o
    0x08005e58   0x08005e58   0x0000000c   Code   RO         1637    i.UART5_IRQHandler  stm32f4xx_it.o
    0x08005e64   0x08005e64   0x00000010   Code   RO         4339    i.UART_DMAAbortOnError  stm32f4xx_hal_uart.o
    0x08005e74   0x08005e74   0x000000cc   Code   RO         4349    i.UART_Receive_IT   stm32f4xx_hal_uart.o
    0x08005f40   0x08005f40   0x000000f0   Code   RO         4350    i.UART_SetConfig    stm32f4xx_hal_uart.o
    0x08006030   0x08006030   0x00000008   Code   RO         6163    i.UFCP_AbortReceive  usart_frame_communication_protocol.o
    0x08006038   0x08006038   0x00000004   Code   RO         6164    i.UFCP_Init         usart_frame_communication_protocol.o
    0x0800603c   0x0800603c   0x00000014   Code   RO         6165    i.UFCP_OVR_IRQ_Handler  usart_frame_communication_protocol.o
    0x08006050   0x08006050   0x000000cc   Code   RO         6166    i.UFCP_RX_IRQ_Handler  usart_frame_communication_protocol.o
    0x0800611c   0x0800611c   0x00000034   Code   RO         6167    i.UFCP_Receive      usart_frame_communication_protocol.o
    0x08006150   0x08006150   0x00000060   Code   RO         6168    i.UFCP_Send         usart_frame_communication_protocol.o
    0x080061b0   0x080061b0   0x00000070   Code   RO         6170    i.UFCP_TX_IRQ_Handler  usart_frame_communication_protocol.o
    0x08006220   0x08006220   0x0000000a   Code   RO         1476    i.UI_DACExec        user_interface.o
    0x0800622a   0x0800622a   0x0000000a   Code   RO         1477    i.UI_DACInit        user_interface.o
    0x08006234   0x08006234   0x00000020   Code   RO         1374    i.UI_DACUpdate      ui_task.o
    0x08006254   0x08006254   0x0000006e   Code   RO         1478    i.UI_ExecCmd        user_interface.o
    0x080062c2   0x080062c2   0x00000002   PAD
    0x080062c4   0x080062c4   0x00000030   Code   RO         1479    i.UI_ExecSpeedRamp  user_interface.o
    0x080062f4   0x080062f4   0x00000014   Code   RO         1480    i.UI_ExecTorqueRamp  user_interface.o
    0x08006308   0x08006308   0x00000010   Code   RO         1481    i.UI_GetDAC         user_interface.o
    0x08006318   0x08006318   0x00000004   Code   RO         1482    i.UI_GetMPInfo      user_interface.o
    0x0800631c   0x0800631c   0x0000036c   Code   RO         1483    i.UI_GetReg         user_interface.o
    0x08006688   0x08006688   0x0000004a   Code   RO         1484    i.UI_GetRevupData   user_interface.o
    0x080066d2   0x080066d2   0x00000006   Code   RO         1485    i.UI_GetSelectedMC  user_interface.o
    0x080066d8   0x080066d8   0x00000018   Code   RO         1375    i.UI_HandleStartStopButton_cb  ui_task.o
    0x080066f0   0x080066f0   0x00000016   Code   RO         1487    i.UI_Init           user_interface.o
    0x08006706   0x08006706   0x00000002   PAD
    0x08006708   0x08006708   0x0000002c   Code   RO         1377    i.UI_Scheduler      ui_task.o
    0x08006734   0x08006734   0x00000012   Code   RO         1488    i.UI_SelectMC       user_interface.o
    0x08006746   0x08006746   0x00000002   PAD
    0x08006748   0x08006748   0x0000000c   Code   RO         1380    i.UI_SerialCommunicationTimeOutStart  ui_task.o
    0x08006754   0x08006754   0x0000000c   Code   RO         1381    i.UI_SerialCommunicationTimeOutStop  ui_task.o
    0x08006760   0x08006760   0x0000001a   Code   RO         1489    i.UI_SetCurrentReferences  user_interface.o
    0x0800677a   0x0800677a   0x0000000a   Code   RO         1490    i.UI_SetDAC         user_interface.o
    0x08006784   0x08006784   0x00000150   Code   RO         1491    i.UI_SetReg         user_interface.o
    0x080068d4   0x080068d4   0x00000038   Code   RO         1492    i.UI_SetRevupData   user_interface.o
    0x0800690c   0x0800690c   0x000000b0   Code   RO         1383    i.UI_TaskInit       ui_task.o
    0x080069bc   0x080069bc   0x0000006c   Code   RO         1283    i.USART1_IRQHandler  stm32f4xx_mc_it.o
    0x08006a28   0x08006a28   0x0000000a   Code   RO         4677    i.VBS_GetAvBusVoltage_V  bus_voltage_sensor.o
    0x08006a32   0x08006a32   0x0000002c   Code   RO         5790    i.VSS_Clear         virtual_speed_sensor.o
    0x08006a5e   0x08006a5e   0x00000008   Code   RO         5792    i.VSS_Init          virtual_speed_sensor.o
    0x08006a66   0x08006a66   0x00000008   Code   RO         5795    i.VSS_SetCopyObserver  virtual_speed_sensor.o
    0x08006a6e   0x08006a6e   0x0000007c   Code   RO         5797    i.VSS_SetMecAcceleration  virtual_speed_sensor.o
    0x08006aea   0x08006aea   0x0000000e   Code   RO         5798    i.VSS_SetMecAngle   virtual_speed_sensor.o
    0x08006af8   0x08006af8   0x00000020   Code   RO         6539    i.__0printf         mc_w.l(printfa.o)
    0x08006b18   0x08006b18   0x00000030   Code   RO         6602    i.__ARM_fpclassify  m_wm.l(fpclassify.o)
    0x08006b48   0x08006b48   0x00000358   Code   RO         6247    i.__hardfp_exp      m_wm.l(exp.o)
    0x08006ea0   0x08006ea0   0x000003c4   Code   RO         6261    i.__hardfp_log      m_wm.l(log.o)
    0x08007264   0x08007264   0x00000004   PAD
    0x08007268   0x08007268   0x00000c50   Code   RO         6275    i.__hardfp_pow      m_wm.l(pow.o)
    0x08007eb8   0x08007eb8   0x000000c8   Code   RO         6289    i.__hardfp_sin      m_wm.l(sin.o)
    0x08007f80   0x08007f80   0x00000438   Code   RO         6607    i.__ieee754_rem_pio2  m_wm.l(rred.o)
    0x080083b8   0x080083b8   0x00000170   Code   RO         6579    i.__kernel_cos      m_wm.l(cos_i.o)
    0x08008528   0x08008528   0x000000f8   Code   RO         6604    i.__kernel_poly     m_wm.l(poly.o)
    0x08008620   0x08008620   0x00000130   Code   RO         6612    i.__kernel_sin      m_wm.l(sin_i.o)
    0x08008750   0x08008750   0x00000030   Code   RO         6582    i.__mathlib_dbl_divzero  m_wm.l(dunder.o)
    0x08008780   0x08008780   0x00000014   Code   RO         6583    i.__mathlib_dbl_infnan  m_wm.l(dunder.o)
    0x08008794   0x08008794   0x00000014   Code   RO         6584    i.__mathlib_dbl_infnan2  m_wm.l(dunder.o)
    0x080087a8   0x080087a8   0x00000020   Code   RO         6585    i.__mathlib_dbl_invalid  m_wm.l(dunder.o)
    0x080087c8   0x080087c8   0x00000020   Code   RO         6586    i.__mathlib_dbl_overflow  m_wm.l(dunder.o)
    0x080087e8   0x080087e8   0x00000020   Code   RO         6588    i.__mathlib_dbl_underflow  m_wm.l(dunder.o)
    0x08008808   0x08008808   0x0000000e   Code   RO         6687    i.__scatterload_copy  mc_w.l(handlers.o)
    0x08008816   0x08008816   0x00000002   Code   RO         6688    i.__scatterload_null  mc_w.l(handlers.o)
    0x08008818   0x08008818   0x0000000e   Code   RO         6689    i.__scatterload_zeroinit  mc_w.l(handlers.o)
    0x08008826   0x08008826   0x00000002   PAD
    0x08008828   0x08008828   0x0000000c   Code   RO         6657    i.__set_errno       mc_w.l(errno.o)
    0x08008834   0x08008834   0x00000184   Code   RO         6546    i._fp_digits        mc_w.l(printfa.o)
    0x080089b8   0x080089b8   0x000006b4   Code   RO         6547    i._printf_core      mc_w.l(printfa.o)
    0x0800906c   0x0800906c   0x00000024   Code   RO         6548    i._printf_post_padding  mc_w.l(printfa.o)
    0x08009090   0x08009090   0x0000002e   Code   RO         6549    i._printf_pre_padding  mc_w.l(printfa.o)
    0x080090be   0x080090be   0x00000002   PAD
    0x080090c0   0x080090c0   0x00000150   Code   RO           17    i.control           main.o
    0x08009210   0x08009210   0x00000018   Code   RO         6598    i.fabs              m_wm.l(fabs.o)
    0x08009228   0x08009228   0x0000001c   Code   RO         1688    i.fputc             stm32f4xx_hal_msp.o
    0x08009244   0x08009244   0x00000004   PAD
    0x08009248   0x08009248   0x000001c0   Code   RO           19    i.function_sweep_identification  main.o
    0x08009408   0x08009408   0x000000e0   Code   RO           21    i.init_my_sweep     main.o
    0x080094e8   0x080094e8   0x00000560   Code   RO           22    i.main              main.o
    0x08009a48   0x08009a48   0x0000012c   Code   RO          797    i.mc_lock_pins      mc_tasks.o
    0x08009b74   0x08009b74   0x00000084   Code   RO           24    i.send_data_2_matlab  main.o
    0x08009bf8   0x08009bf8   0x0000006e   Code   RO         6620    i.sqrt              m_wm.l(sqrt.o)
    0x08009c66   0x08009c66   0x00000002   PAD
    0x08009c68   0x08009c68   0x00000060   Code   RO         5380    i.startTimers       pwm_common.o
    0x08009cc8   0x08009cc8   0x0000006a   Code   RO         5381    i.waitForPolarizationEnd  pwm_common.o
    0x08009d32   0x08009d32   0x00000020   Data   RO          407    .constdata          motorcontrol.o
    0x08009d52   0x08009d52   0x00000002   PAD
    0x08009d54   0x08009d54   0x00000002   Data   RO          799    .constdata          mc_tasks.o
    0x08009d56   0x08009d56   0x00000200   Data   RO          991    .constdata          mc_math.o
    0x08009f56   0x08009f56   0x00000002   PAD
    0x08009f58   0x08009f58   0x00000094   Data   RO         1349    .constdata          mc_parameters.o
    0x08009fec   0x08009fec   0x00000010   Data   RO         4640    .constdata          system_stm32f4xx.o
    0x08009ffc   0x08009ffc   0x00000008   Data   RO         4641    .constdata          system_stm32f4xx.o
    0x0800a004   0x0800a004   0x0000000e   Data   RO         4835    .constdata          encoder_speed_pos_fdbk.o
    0x0800a012   0x0800a012   0x0000000e   Data   RO         5906    .constdata          r3_2_f4xx_pwm_curr_fdbk.o
    0x0800a020   0x0800a020   0x00000006   Data   RO         6171    .constdata          usart_frame_communication_protocol.o
    0x0800a026   0x0800a026   0x00000002   PAD
    0x0800a028   0x0800a028   0x00000058   Data   RO         6250    .constdata          m_wm.l(exp.o)
    0x0800a080   0x0800a080   0x00000038   Data   RO         6264    .constdata          m_wm.l(log.o)
    0x0800a0b8   0x0800a0b8   0x00000088   Data   RO         6278    .constdata          m_wm.l(pow.o)
    0x0800a140   0x0800a140   0x00000030   Data   RO         6580    .constdata          m_wm.l(cos_i.o)
    0x0800a170   0x0800a170   0x00000008   Data   RO         6606    .constdata          m_wm.l(qnan.o)
    0x0800a178   0x0800a178   0x000000c8   Data   RO         6609    .constdata          m_wm.l(rred.o)
    0x0800a240   0x0800a240   0x00000028   Data   RO         6613    .constdata          m_wm.l(sin_i.o)
    0x0800a268   0x0800a268   0x00000020   Data   RO         6685    Region$$Table       anon$$obj.o


    Execution Region RW_IRAM1 (Exec base: 0x20000000, Load base: 0x0800a288, Size: 0x00000e70, Max: 0x0001c000, ABSOLUTE, COMPRESSED[0x0000019c])

    Exec Addr    Load Addr    Size         Type   Attr      Idx    E Section Name        Object

    0x20000000   COMPRESSED   0x00000048   Data   RW           28    .data               main.o
    0x20000048   COMPRESSED   0x0000000c   Data   RW          408    .data               motorcontrol.o
    0x20000054   COMPRESSED   0x00000008   Data   RW          669    .data               motor_control_protocol.o
    0x2000005c   COMPRESSED   0x00000114   Data   RW          736    .data               mc_config.o
    0x20000170   COMPRESSED   0x0000002c   Data   RW          738    .data               mc_config.o
    0x2000019c   COMPRESSED   0x0000002c   Data   RW          739    .data               mc_config.o
    0x200001c8   COMPRESSED   0x0000002c   Data   RW          740    .data               mc_config.o
    0x200001f4   COMPRESSED   0x00000034   Data   RW          741    .data               mc_config.o
    0x20000228   COMPRESSED   0x0000007c   Data   RW          742    .data               mc_config.o
    0x200002a4   COMPRESSED   0x00000038   Data   RW          743    .data               mc_config.o
    0x200002dc   COMPRESSED   0x0000007c   Data   RW          744    .data               mc_config.o
    0x20000358   COMPRESSED   0x0000001c   Data   RW          745    .data               mc_config.o
    0x20000374   COMPRESSED   0x00000028   Data   RW          746    .data               mc_config.o
    0x2000039c   COMPRESSED   0x00000028   Data   RW          747    .data               mc_config.o
    0x200003c4   COMPRESSED   0x00000030   Data   RW          748    .data               mc_config.o
    0x200003f4   COMPRESSED   0x0000003c   Data   RW          749    .data               mc_config.o
    0x20000430   COMPRESSED   0x00000018   Data   RW          750    .data               mc_config.o
    0x20000448   COMPRESSED   0x000000b4   Data   RW          751    .data               mc_config.o
    0x200004fc   COMPRESSED   0x0000013c   Data   RW          752    .data               mc_config.o
    0x20000638   COMPRESSED   0x0000003e   Data   RW          800    .data               mc_tasks.o
    0x20000676   COMPRESSED   0x00000004   Data   RW          927    .data               regular_conversion_manager.o
    0x2000067a   COMPRESSED   0x00000001   Data   RW         1284    .data               stm32f4xx_mc_it.o
    0x2000067b   COMPRESSED   0x00000001   PAD
    0x2000067c   COMPRESSED   0x00000010   Data   RW         1385    .data               ui_task.o
    0x2000068c   COMPRESSED   0x0000000c   Data   RW         2895    .data               stm32f4xx_hal.o
    0x20000698   COMPRESSED   0x00000004   Data   RW         4642    .data               system_stm32f4xx.o
    0x2000069c   COMPRESSED   0x00000004   Data   RW         6646    .data               mc_w.l(stdout.o)
    0x200006a0   COMPRESSED   0x00000004   Data   RW         6658    .data               mc_w.l(errno.o)
    0x200006a4        -       0x00000220   Zero   RW           27    .bss                main.o
    0x200008c4        -       0x00000014   Zero   RW          735    .bss                mc_config.o
    0x200008d8        -       0x00000098   Zero   RW          798    .bss                mc_tasks.o
    0x20000970        -       0x00000030   Zero   RW          926    .bss                regular_conversion_manager.o
    0x200009a0        -       0x000000cc   Zero   RW         1384    .bss                ui_task.o
    0x20000a6c   COMPRESSED   0x00000004   PAD
    0x20000a70        -       0x00000400   Zero   RW            1    STACK               startup_stm32f407xx.o


    Execution Region RW_IRAM2 (Exec base: 0x2001c000, Load base: 0x0800a424, Size: 0x00000000, Max: 0x00004000, ABSOLUTE)

    **** No section assigned to this execution region ****


==============================================================================

Image component sizes


      Code (inc. data)   RO Data    RW Data    ZI Data      Debug   Object Name

        10          0          0          0          0       1192   bus_voltage_sensor.o
        86          0          0          0          0       1496   circle_limitation.o
        34          0          0          0          0       3490   dac_common_ui.o
       116         16          0          0          0      10754   dac_ui.o
         0          0          0          0          0       4128   digital_output.o
       152          0          0          0          0       4827   enc_align_ctrl.o
       638          6         14          0          0      32201   encoder_speed_pos_fdbk.o
       102          0          0          0          0       2941   frame_communication_protocol.o
      2736        210          0         72        544     773687   main.o
       100         32          0          0          0       4003   mc_api.o
         0          0          0       1500         20       1782   mc_config.o
       364          0          0          0          0      15287   mc_interface.o
       378         18        512          0          0       6389   mc_math.o
         0          0        148          0          0        288   mc_parameters.o
      2090        276          2         62        152      18767   mc_tasks.o
      1914        642          0          8          0       7000   motor_control_protocol.o
       102          0          0          0          0       2778   motor_power_measurement.o
        56          8         32         12          0       1507   motorcontrol.o
       164          0          0          0          0       4250   ntc_temperature_sensor.o
       190          6          0          0          0       8429   pid_regulator.o
        96          6          0          0          0       1363   pqd_motor_power_measurement.o
       202          4          0          0          0      33843   pwm_common.o
       582          0          0          0          0       6444   pwm_curr_fdbk.o
      2790         92         14          0          0      97231   r3_2_f4xx_pwm_curr_fdbk.o
       190          0          0          0          0       3858   r_divider_bus_voltage_sensor.o
        16          0          0          0          0       1121   ramp_ext_mngr.o
       456         30          0          4         48      45700   regular_conversion_manager.o
       134          0          0          0          0       4410   speed_pos_fdbk.o
       382          0          0          0          0      11829   speed_torq_ctrl.o
        36          8        392          0       1024        904   startup_stm32f407xx.o
       354         22          0          0          0       5276   state_machine.o
       184         30          0         12          0       9957   stm32f4xx_hal.o
       804         28          0          0          0       2915   stm32f4xx_hal_adc.o
       524         14          0          0          0       1702   stm32f4xx_hal_adc_ex.o
       220         16          0          0          0      35119   stm32f4xx_hal_cortex.o
       122          0          0          0          0       2119   stm32f4xx_hal_dac.o
       202          0          0          0          0       2567   stm32f4xx_hal_dma.o
       546         22          0          0          0       2998   stm32f4xx_hal_gpio.o
      1092        114          0          0          0       7173   stm32f4xx_hal_msp.o
      1580        114          0          0          0       7024   stm32f4xx_hal_rcc.o
      2184         36          0          0          0      15990   stm32f4xx_hal_tim.o
       236          0          0          0          0       3585   stm32f4xx_hal_tim_ex.o
      1694         10          0          0          0      10911   stm32f4xx_hal_uart.o
        30         12          0          0          0       1576   stm32f4xx_it.o
       440         34          0          1          0      20743   stm32f4xx_mc_it.o
        16          4         24          4          0       1311   system_stm32f4xx.o
       300         48          0         16        204       4657   ui_task.o
       496         12          6          0          0      22774   usart_frame_communication_protocol.o
      1642         96          0          0          0      14674   user_interface.o
       198          0          0          0          0       4336   virtual_speed_sensor.o

    ----------------------------------------------------------------------
     27034       1970       1182       1692       1996    1289306   Object Totals
         0          0         32          0          0          0   (incl. Generated)
        54          4          6          1          4          0   (incl. Padding)

    ----------------------------------------------------------------------

      Code (inc. data)   RO Data    RW Data    ZI Data      Debug   Library Member Name

       974          0          0          0          0        404   revup_ctrl.o
       368         46         48          0          0        200   cos_i.o
       184         44          0          0          0        744   dunder.o
       856        142         88          0          0        288   exp.o
        24          0          0          0          0        124   fabs.o
        48          0          0          0          0        124   fpclassify.o
       964         92         56          0          0        316   log.o
       248          0          0          0          0        152   poly.o
      3152        296        136          0          0        352   pow.o
         0          0          8          0          0          0   qnan.o
      1080        142        200          0          0        188   rred.o
       200         20          0          0          0        164   sin.o
       304         24         40          0          0        208   sin_i.o
       110          0          0          0          0        148   sqrt.o
        86          0          0          0          0          0   __dczerorl2.o
         0          0          0          0          0          0   entry.o
         0          0          0          0          0          0   entry10a.o
         0          0          0          0          0          0   entry11a.o
         4          0          0          0          0          0   entry12b.o
         8          4          0          0          0          0   entry2.o
         4          0          0          0          0          0   entry5.o
         0          0          0          0          0          0   entry7b.o
         0          0          0          0          0          0   entry8b.o
         8          4          0          0          0          0   entry9a.o
        12          6          0          4          0         68   errno.o
        30          0          0          0          0          0   handlers.o
        36          8          0          0          0         68   init.o
         0          0          0          0          0          0   iusefp.o
        30          0          0          0          0         68   llshl.o
        36          0          0          0          0         68   llsshr.o
        32          0          0          0          0         68   llushr.o
      2218         90          0          0          0        464   printfa.o
         0          0          0          4          0          0   stdout.o
        44          0          0          0          0         80   uidiv.o
        98          0          0          0          0         92   uldiv.o
        48          0          0          0          0         68   cdcmple.o
        48          0          0          0          0         68   cdrcmple.o
        56          0          0          0          0         88   d2f.o
       334          0          0          0          0        148   dadd.o
       222          0          0          0          0        100   ddiv.o
       186          0          0          0          0        176   depilogue.o
        62          0          0          0          0         80   dfixi.o
        48          0          0          0          0         68   dfixul.o
        34          0          0          0          0         76   dflti.o
        26          0          0          0          0         76   dfltui.o
       228          0          0          0          0         96   dmul.o
        46          0          0          0          0         80   dscalb.o
       162          0          0          0          0        100   dsqrt.o
        38          0          0          0          0         68   f2d.o
       110          0          0          0          0        168   fepilogue.o

    ----------------------------------------------------------------------
     12816        922        576          8          0       5848   Library Totals
        10          4          0          0          0          0   (incl. Padding)

    ----------------------------------------------------------------------

      Code (inc. data)   RO Data    RW Data    ZI Data      Debug   Library Name

       974          0          0          0          0        404   libmc-keil_M4.lib
      7538        806        576          0          0       3008   m_wm.l
      2646        112          0          8          0        976   mc_w.l
      1648          0          0          0          0       1460   mf_w.l

    ----------------------------------------------------------------------
     12816        922        576          8          0       5848   Library Totals

    ----------------------------------------------------------------------

==============================================================================


      Code (inc. data)   RO Data    RW Data    ZI Data      Debug   

     39850       2892       1758       1700       1996    1264790   Grand Totals
     39850       2892       1758        412       1996    1264790   ELF Image Totals (compressed)
     39850       2892       1758        412          0          0   ROM Totals

==============================================================================

    Total RO  Size (Code + RO Data)                41608 (  40.63kB)
    Total RW  Size (RW Data + ZI Data)              3696 (   3.61kB)
    Total ROM Size (Code + RO Data + RW Data)      42020 (  41.04kB)

==============================================================================

