<html>
<body>
<pre>
<h1>µVision Build Log</h1>
<h2>Tool Versions:</h2>
IDE-Version: ¦ÌVision V5.34.0.0
Copyright (C) 2021 ARM Ltd and ARM Germany GmbH. All rights reserved.
License Information:  ,  , LIC=SDA0P-MECX4-WFMI7-EW1QX-CJLCU-U7641
 
Tool Versions:
Toolchain:       MDK-ARM Plus  Version: 5.34.0.0
Toolchain Path:  D:\toolsplus\keil\anzhuang\ARM\ARMCC\Bin
C Compiler:      Armcc.exe V5.06 update 7 (build 960)
Assembler:       Armasm.exe V5.06 update 7 (build 960)
Linker/Locator:  ArmLink.exe V5.06 update 7 (build 960)
Library Manager: ArmAr.exe V5.06 update 7 (build 960)
Hex Converter:   FromElf.exe V5.06 update 7 (build 960)
CPU DLL:         SARMCM3.DLL V5.34.0.0
Dialog DLL:      DCM.DLL V1.17.3.0
Target DLL:      STLink\ST-LINKIII-KEIL_SWO.dll V3.0.8.0
Dialog DLL:      TCM.DLL V1.48.0.0
 
<h2>Project:</h2>
D:\program\stm32\YSF4_HAL_MOTOR-654. FOC_v5.2.0_42PMSM_Ecoder\YSF4_HAL_MOTOR-654. FOC_v5.2.0_42PMSM_Ecoder\MDK-ARM\YSF4_HAL_MOTOR-654. FOC_v5.2.0_42PMSM_Ecoder.uvprojx
Project File Date:  06/14/2022

<h2>Output:</h2>
*** Using Compiler 'V5.06 update 7 (build 960)', folder: 'D:\toolsplus\keil\anzhuang\ARM\ARMCC\Bin'
Build target 'YSF4_HAL_MOTOR-654. FOC_v5.2.0_42PMSM_Ecoder'
compiling main.c...
../Src/main.c(104): warning:  #1035-D: single-precision operand implicitly converted to double-precision
    yk=-0.2887*yk1+986.7*ek-611.2*ek1;
../Src/main.c(104): warning:  #1035-D: single-precision operand implicitly converted to double-precision
    yk=-0.2887*yk1+986.7*ek-611.2*ek1;
../Src/main.c(122): warning:  #177-D: variable "i"  was declared but never referenced
  int i = 0;
../Src/main.c(179): warning:  #177-D: variable "start_sys_tick"  was declared but never referenced
    static uint32_t start_sys_tick = 0;
../Src/main.c(236): warning:  #1035-D: single-precision operand implicitly converted to double-precision
        position=((float)(__HAL_TIM_GET_COUNTER(&htim3)+encoder*65535)-mid)*0.005;
../Src/main.c(219): warning:  #177-D: variable "sweep_output"  was declared but never referenced
    int16_t sweep_output = 0; 
../Src/main.c(266): warning:  #1035-D: single-precision operand implicitly converted to double-precision
        position=((float)(__HAL_TIM_GET_COUNTER(&htim3)+encoder*65535)-mid)*0.005;
../Src/main.c(251): warning:  #550-D: variable "sweep_output"  was set but never used
    int16_t sweep_output = 0; 
../Src/main.c: 8 warnings, 0 errors
linking...
Program Size: Code=39850 RO-data=1758 RW-data=1700 ZI-data=1996  
FromELF: creating hex file...
"YSF4_HAL_MOTOR-654. FOC_v5.2.0_42PMSM_Ecoder\YSF4_HAL_MOTOR-654. FOC_v5.2.0_42PMSM_Ecoder" - 0 Error(s), 8 Warning(s).

<h2>Software Packages used:</h2>

Package Vendor: ARM
                http://www.keil.com/pack/ARM.CMSIS.5.7.0.pack
                ARM.CMSIS.5.7.0
                CMSIS (Cortex Microcontroller Software Interface Standard)
   * Component: CORE Version: 5.4.0

Package Vendor: Keil
                http://www.keil.com/pack/Keil.STM32F4xx_DFP.2.15.0.pack
                Keil.STM32F4xx_DFP.2.15.0
                STMicroelectronics STM32F4 Series Device Support, Drivers and Examples

<h2>Collection of Component include folders:</h2>
  .\RTE\_YSF4_HAL_MOTOR-654._FOC_v5.2.0_42PMSM_Ecoder
  D:\toolsplus\keil\packs\ARM\CMSIS\5.7.0\CMSIS\Core\Include
  D:\toolsplus\keil\packs\Keil\STM32F4xx_DFP\2.15.0\Drivers\CMSIS\Device\ST\STM32F4xx\Include

<h2>Collection of Component Files used:</h2>

   * Component: ARM::CMSIS:CORE:5.4.0
Build Time Elapsed:  00:00:04
</pre>
</body>
</html>
